../drivers/fsl_i2c.c:275:17:I2C_CheckAndClearError	0	static
../drivers/fsl_i2c.c:461:13:I2C_TransferCommonIRQHandler	8	static
../drivers/fsl_i2c.c:171:10:I2C_GetInstance	0	static
../drivers/fsl_i2c.c:537:6:I2C_MasterDeinit	8	static
../drivers/fsl_i2c.c:548:6:I2C_MasterGetDefaultConfig	0	static
../drivers/fsl_i2c.c:572:6:I2C_EnableInterrupts	0	static
../drivers/fsl_i2c.c:612:6:I2C_DisableInterrupts	0	static
../drivers/fsl_i2c.c:634:6:I2C_MasterSetBaudRate	48	static
../drivers/fsl_i2c.c:475:6:I2C_MasterInit	24	static
../drivers/fsl_i2c.c:744:10:I2C_MasterStop	8	static
../drivers/fsl_i2c.c:765:10:I2C_MasterGetStatusFlags	0	static
../drivers/fsl_i2c.c:676:10:I2C_MasterStart	16	static
../drivers/fsl_i2c.c:703:10:I2C_MasterRepeatedStart	16	static
../drivers/fsl_i2c.c:1162:6:I2C_MasterTransferHandleIRQ	40	static
../drivers/fsl_i2c.c:1495:6:I2C_SlaveTransferHandleIRQ	40	static
../drivers/fsl_i2c.c:788:10:I2C_MasterWriteBlocking	32	static
../drivers/fsl_i2c.c:851:10:I2C_MasterReadBlocking	40	static
../drivers/fsl_i2c.c:918:10:I2C_MasterTransferBlocking	32	static
../drivers/fsl_i2c.c:1058:6:I2C_MasterTransferCreateHandle	24	static
../drivers/fsl_i2c.c:1084:10:I2C_MasterTransferNonBlocking	32	static
../drivers/fsl_i2c.c:1111:6:I2C_MasterTransferAbort	24	static
../drivers/fsl_i2c.c:1148:10:I2C_MasterTransferGetCount	0	static
../drivers/fsl_i2c.c:1208:6:I2C_SlaveInit	48	static
../drivers/fsl_i2c.c:1270:6:I2C_SlaveDeinit	8	static
../drivers/fsl_i2c.c:1281:6:I2C_SlaveGetDefaultConfig	0	static
../drivers/fsl_i2c.c:1309:10:I2C_SlaveWriteBlocking	24	static
../drivers/fsl_i2c.c:1347:6:I2C_SlaveReadBlocking	24	static
../drivers/fsl_i2c.c:1397:6:I2C_SlaveTransferCreateHandle	24	static
../drivers/fsl_i2c.c:1423:10:I2C_SlaveTransferNonBlocking	24	static
../drivers/fsl_i2c.c:1456:6:I2C_SlaveTransferAbort	8	static
../drivers/fsl_i2c.c:1473:10:I2C_SlaveTransferGetCount	0	static
../drivers/fsl_i2c.c:1737:6:I2C0_DriverIRQHandler	8	static
../drivers/fsl_i2c.c:1744:6:I2C1_DriverIRQHandler	8	static
