Archive member included to satisfy reference by file (symbol)

c:/nxp/mcuxpressoide_11.8.1_1197/ide/plugins/com.nxp.mcuxpresso.tools.win32_11.8.1.202308071233/tools/bin/../lib/gcc/arm-none-eabi/12.2.1/../../../../arm-none-eabi/lib/thumb/v6-m/nofp\libcr_nohost_nf.a(_cr__main.o)
                              ./startup/startup_mkl25z4.o (__main)
c:/nxp/mcuxpressoide_11.8.1_1197/ide/plugins/com.nxp.mcuxpresso.tools.win32_11.8.1.202308071233/tools/bin/../lib/gcc/arm-none-eabi/12.2.1/../../../../arm-none-eabi/lib/thumb/v6-m/nofp\libcr_c.a(memcpy.o)
                              ./source/ssd1306.o (memcpy)
c:/nxp/mcuxpressoide_11.8.1_1197/ide/plugins/com.nxp.mcuxpresso.tools.win32_11.8.1.202308071233/tools/bin/../lib/gcc/arm-none-eabi/12.2.1/../../../../arm-none-eabi/lib/thumb/v6-m/nofp\libcr_c.a(memset.o)
                              ./source/MKL25Z4_Project01.o (memset)
c:/nxp/mcuxpressoide_11.8.1_1197/ide/plugins/com.nxp.mcuxpresso.tools.win32_11.8.1.202308071233/tools/bin/../lib/gcc/arm-none-eabi/12.2.1/../../../../arm-none-eabi/lib/thumb/v6-m/nofp\libcr_c.a(fpprintf.o)
                              ./source/ssd1306.o (printf)
c:/nxp/mcuxpressoide_11.8.1_1197/ide/plugins/com.nxp.mcuxpresso.tools.win32_11.8.1.202308071233/tools/bin/../lib/gcc/arm-none-eabi/12.2.1/../../../../arm-none-eabi/lib/thumb/v6-m/nofp\libcr_c.a(initio.o)
                              c:/nxp/mcuxpressoide_11.8.1_1197/ide/plugins/com.nxp.mcuxpresso.tools.win32_11.8.1.202308071233/tools/bin/../lib/gcc/arm-none-eabi/12.2.1/../../../../arm-none-eabi/lib/thumb/v6-m/nofp\libcr_nohost_nf.a(_cr__main.o) (_initio)
c:/nxp/mcuxpressoide_11.8.1_1197/ide/plugins/com.nxp.mcuxpresso.tools.win32_11.8.1.202308071233/tools/bin/../lib/gcc/arm-none-eabi/12.2.1/../../../../arm-none-eabi/lib/thumb/v6-m/nofp\libcr_c.a(printf.o)
                              c:/nxp/mcuxpressoide_11.8.1_1197/ide/plugins/com.nxp.mcuxpresso.tools.win32_11.8.1.202308071233/tools/bin/../lib/gcc/arm-none-eabi/12.2.1/../../../../arm-none-eabi/lib/thumb/v6-m/nofp\libcr_c.a(fpprintf.o) (__vfprintf)
c:/nxp/mcuxpressoide_11.8.1_1197/ide/plugins/com.nxp.mcuxpresso.tools.win32_11.8.1.202308071233/tools/bin/../lib/gcc/arm-none-eabi/12.2.1/../../../../arm-none-eabi/lib/thumb/v6-m/nofp\libcr_c.a(setvbuf.o)
                              c:/nxp/mcuxpressoide_11.8.1_1197/ide/plugins/com.nxp.mcuxpresso.tools.win32_11.8.1.202308071233/tools/bin/../lib/gcc/arm-none-eabi/12.2.1/../../../../arm-none-eabi/lib/thumb/v6-m/nofp\libcr_c.a(initio.o) (setvbuf)
c:/nxp/mcuxpressoide_11.8.1_1197/ide/plugins/com.nxp.mcuxpresso.tools.win32_11.8.1.202308071233/tools/bin/../lib/gcc/arm-none-eabi/12.2.1/../../../../arm-none-eabi/lib/thumb/v6-m/nofp\libcr_c.a(strlen.o)
                              ./utilities/fsl_debug_console.o (strlen)
c:/nxp/mcuxpressoide_11.8.1_1197/ide/plugins/com.nxp.mcuxpresso.tools.win32_11.8.1.202308071233/tools/bin/../lib/gcc/arm-none-eabi/12.2.1/../../../../arm-none-eabi/lib/thumb/v6-m/nofp\libcr_c.a(_deferredlazyseek.o)
                              c:/nxp/mcuxpressoide_11.8.1_1197/ide/plugins/com.nxp.mcuxpresso.tools.win32_11.8.1.202308071233/tools/bin/../lib/gcc/arm-none-eabi/12.2.1/../../../../arm-none-eabi/lib/thumb/v6-m/nofp\libcr_c.a(fpprintf.o) (__flsbuf)
c:/nxp/mcuxpressoide_11.8.1_1197/ide/plugins/com.nxp.mcuxpresso.tools.win32_11.8.1.202308071233/tools/bin/../lib/gcc/arm-none-eabi/12.2.1/../../../../arm-none-eabi/lib/thumb/v6-m/nofp\libcr_c.a(_fdopen.o)
                              c:/nxp/mcuxpressoide_11.8.1_1197/ide/plugins/com.nxp.mcuxpresso.tools.win32_11.8.1.202308071233/tools/bin/../lib/gcc/arm-none-eabi/12.2.1/../../../../arm-none-eabi/lib/thumb/v6-m/nofp\libcr_c.a(initio.o) (_fdopen)
c:/nxp/mcuxpressoide_11.8.1_1197/ide/plugins/com.nxp.mcuxpresso.tools.win32_11.8.1.202308071233/tools/bin/../lib/gcc/arm-none-eabi/12.2.1/../../../../arm-none-eabi/lib/thumb/v6-m/nofp\libcr_c.a(_fflush.o)
                              c:/nxp/mcuxpressoide_11.8.1_1197/ide/plugins/com.nxp.mcuxpresso.tools.win32_11.8.1.202308071233/tools/bin/../lib/gcc/arm-none-eabi/12.2.1/../../../../arm-none-eabi/lib/thumb/v6-m/nofp\libcr_c.a(_deferredlazyseek.o) (_fflush)
c:/nxp/mcuxpressoide_11.8.1_1197/ide/plugins/com.nxp.mcuxpresso.tools.win32_11.8.1.202308071233/tools/bin/../lib/gcc/arm-none-eabi/12.2.1/../../../../arm-none-eabi/lib/thumb/v6-m/nofp\libcr_c.a(_frexpl.o)
                              c:/nxp/mcuxpressoide_11.8.1_1197/ide/plugins/com.nxp.mcuxpresso.tools.win32_11.8.1.202308071233/tools/bin/../lib/gcc/arm-none-eabi/12.2.1/../../../../arm-none-eabi/lib/thumb/v6-m/nofp\libcr_c.a(fpprintf.o) (_frexpl)
c:/nxp/mcuxpressoide_11.8.1_1197/ide/plugins/com.nxp.mcuxpresso.tools.win32_11.8.1.202308071233/tools/bin/../lib/gcc/arm-none-eabi/12.2.1/../../../../arm-none-eabi/lib/thumb/v6-m/nofp\libcr_c.a(_ldexpl.o)
[...]
Memory Configuration

Name             Origin             Length             Attributes
PROGRAM_FLASH    0x00000000         0x00020000         xr
SRAM             0x1ffff000         0x00004000         xrw
*default*        0x00000000         0xffffffff

Linker script and memory map

LOAD ./utilities/fsl_debug_console.o
LOAD ./startup/startup_mkl25z4.o
LOAD ./source/GP2Y10.o
LOAD ./source/HL298.o
LOAD ./source/MKL25Z4_Project01.o
LOAD ./source/mtb.o
LOAD ./source/semihost_hardfault.o
LOAD ./source/ssd1306.o
LOAD ./drivers/app.config.o
LOAD ./drivers/bitmap_array.o
LOAD ./drivers/fsl_adc16.o
LOAD ./drivers/fsl_clock.o
LOAD ./drivers/fsl_common.o
LOAD ./drivers/fsl_flash.o
LOAD ./drivers/fsl_gpio.o
LOAD ./drivers/fsl_i2c.o
LOAD ./drivers/fsl_lpsci.o
LOAD ./drivers/fsl_smc.o
LOAD ./drivers/fsl_tpm.o
LOAD ./drivers/fsl_uart.o
LOAD ./drivers/i2c.o
LOAD ./drivers/i2c_comm.o
LOAD ./board/board.o
LOAD ./board/clock_config.o
LOAD ./board/peripherals.o
LOAD ./board/pin_mux.o
LOAD ./CMSIS/system_MKL25Z4.o
START GROUP
LOAD c:/nxp/mcuxpressoide_11.8.1_1197/ide/plugins/com.nxp.mcuxpresso.tools.win32_11.8.1.202308071233/tools/bin/../lib/gcc/arm-none-eabi/12.2.1/../../../../arm-none-eabi/lib/thumb/v6-m/nofp\libcr_nohost_nf.a
LOAD c:/nxp/mcuxpressoide_11.8.1_1197/ide/plugins/com.nxp.mcuxpresso.tools.win32_11.8.1.202308071233/tools/bin/../lib/gcc/arm-none-eabi/12.2.1/../../../../arm-none-eabi/lib/thumb/v6-m/nofp\libcr_c.a
LOAD c:/nxp/mcuxpressoide_11.8.1_1197/ide/plugins/com.nxp.mcuxpresso.tools.win32_11.8.1.202308071233/tools/bin/../lib/gcc/arm-none-eabi/12.2.1/thumb/v6-m/nofp\libcr_eabihelpers.a
LOAD c:/nxp/mcuxpressoide_11.8.1_1197/ide/plugins/com.nxp.mcuxpresso.tools.win32_11.8.1.202308071233/tools/bin/../lib/gcc/arm-none-eabi/12.2.1/thumb/v6-m/nofp\libgcc.a
END GROUP
                0x00000000                __base_PROGRAM_FLASH = 0x0
                0x00000000                __base_Flash = 0x0
                0x00020000                __top_PROGRAM_FLASH = 0x20000
                0x00020000                __top_Flash = 0x20000
                0x1ffff000                __base_SRAM = 0x1ffff000
                0x1ffff000                __base_RAM = 0x1ffff000
                0x20003000                __top_SRAM = 0x20003000
                0x20003000                __top_RAM = 0x20003000

.text           0x00000000     0x1118
 FILL mask 0xff
                0x00000000                __vectors_start__ = ABSOLUTE (.)
 *(SORT_BY_ALIGNMENT(.isr_vector))
 .isr_vector    0x00000000       0xc0 ./startup/startup_mkl25z4.o
                0x00000000                g_pfnVectors
                0x00000000                __Vectors
                0x000000c0                . = ALIGN (0x4)
                0x000000c0                __section_table_start = .
                0x000000c0                __data_section_table = .
                0x000000c0        0x4 LONG 0x1118 LOADADDR (.data)
                0x000000c4        0x4 LONG 0x1ffff080 ADDR (.data)
                0x000000c8        0x4 LONG 0xc SIZEOF (.data)
                0x000000cc                __data_section_table_end = .
                0x000000cc                __bss_section_table = .
                0x000000cc        0x4 LONG 0x1ffff08c ADDR (.bss)
                0x000000d0        0x4 LONG 0xfc SIZEOF (.bss)
                0x000000d4                __bss_section_table_end = .
                0x000000d4                __section_table_end = .
 *(SORT_BY_ALIGNMENT(.after_vectors*))
 .after_vectors.reset
                0x000000d4       0x44 ./startup/startup_mkl25z4.o
                0x000000d4                ResetISR
 .after_vectors
                0x00000118      0x10c ./startup/startup_mkl25z4.o
                0x00000118                NMI_Handler
                0x0000011c                SVC_Handler
                0x0000011e                PendSV_Handler
                0x00000122                SPI1_DriverIRQHandler
                0x00000122                LPTMR0_DriverIRQHandler
                0x00000122                DMA0_DriverIRQHandler
                0x00000122                PORTD_DriverIRQHandler
                0x00000122                Reserved39_DriverIRQHandler
                0x00000122                DMA2_DriverIRQHandler
                0x00000122                CMP0_DriverIRQHandler
                0x00000122                ADC0_DriverIRQHandler
                0x00000122                TPM2_DriverIRQHandler
                0x00000122                SPI0_DriverIRQHandler
                0x00000122                DMA3_DriverIRQHandler
                0x00000122                TSI0_DriverIRQHandler
                0x00000122                RTC_Seconds_DriverIRQHandler
                0x00000122                DMA1_DriverIRQHandler
                0x00000122                PIT_DriverIRQHandler
                0x00000122                LLWU_DriverIRQHandler
                0x00000122                MCG_DriverIRQHandler
                0x00000122                RTC_DriverIRQHandler
                0x00000122                TPM1_DriverIRQHandler
                0x00000122                PORTA_DriverIRQHandler
                0x00000122                FTFA_DriverIRQHandler
                0x00000122                IntDefaultHandler
                0x00000122                USB0_DriverIRQHandler
                0x00000122                DAC0_DriverIRQHandler
                0x00000122                Reserved45_DriverIRQHandler
                0x00000122                LVD_LVW_DriverIRQHandler
                0x00000122                TPM0_DriverIRQHandler
                0x00000122                Reserved20_DriverIRQHandler
                0x00000124                DMA0_IRQHandler
                0x0000012c                DMA1_IRQHandler
                0x00000134                DMA2_IRQHandler
                0x0000013c                DMA3_IRQHandler
                0x00000144                Reserved20_IRQHandler
                0x0000014c                FTFA_IRQHandler
                0x00000154                LVD_LVW_IRQHandler
                0x0000015c                LLWU_IRQHandler
                0x00000164                I2C0_IRQHandler
                0x0000016c                I2C1_IRQHandler
                0x00000174                SPI0_IRQHandler
                0x0000017c                SPI1_IRQHandler
                0x00000184                UART0_IRQHandler
                0x0000018c                UART1_IRQHandler
                0x00000194                UART2_IRQHandler
                0x0000019c                ADC0_IRQHandler
                0x000001a4                CMP0_IRQHandler
                0x000001ac                TPM0_IRQHandler
                0x000001b4                TPM1_IRQHandler
                0x000001bc                TPM2_IRQHandler
                0x000001c4                RTC_IRQHandler
                0x000001cc                RTC_Seconds_IRQHandler
                0x000001d4                PIT_IRQHandler
                0x000001dc                Reserved39_IRQHandler
                0x000001e4                USB0_IRQHandler
                0x000001ec                DAC0_IRQHandler
                0x000001f4                TSI0_IRQHandler
                0x000001fc                MCG_IRQHandler
                0x00000204                LPTMR0_IRQHandler
                0x0000020c                Reserved45_IRQHandler
                0x00000214                PORTA_IRQHandler
                0x0000021c                PORTD_IRQHandler
 .after_vectors.init_data
                0x00000224       0x16 ./startup/startup_mkl25z4.o
                0x00000224                data_init
 .after_vectors.init_bss
                0x0000023a       0x14 ./startup/startup_mkl25z4.o
                0x0000023a                bss_init
                0x00000400                . = 0x400
 *fill*         0x0000024e      0x1b2 ff
                0x00000400                PROVIDE (__FLASH_CONFIG_START__ = .)
 *(SORT_BY_ALIGNMENT(.FlashConfig))
 .FlashConfig   0x00000400       0x10 ./startup/startup_mkl25z4.o
                0x00000400                Flash_Config
                0x00000410                PROVIDE (__FLASH_CONFIG_END__ = .)
                0x00000001                ASSERT (! ((__FLASH_CONFIG_START__ == __FLASH_CONFIG_END__)), Linker Flash Config Support Enabled, but no .FlashConfig section provided within application)
 *(SORT_BY_ALIGNMENT(.text*))
 .text.init_GPIO
                0x00000410       0x58 ./source/MKL25Z4_Project01.o
                0x00000410                init_GPIO
 .text.HardFault_Handler
                0x00000468       0x38 ./source/semihost_hardfault.o
                0x00000468                HardFault_Handler
 .text.SysTick_Handler
                0x000004a0       0x14 ./drivers/app.config.o
                0x000004a0                SysTick_Handler
 .text.CLOCK_GetFllRefClkFreq
                0x000004b4       0x4c ./drivers/fsl_clock.o
 .text.CLOCK_GetInternalRefClkSelectFreq
                0x00000500       0x28 ./drivers/fsl_clock.o
 .text.CLOCK_GetOsc0ErClkFreq
                0x00000528       0x1c ./drivers/fsl_clock.o
                0x00000528                CLOCK_GetOsc0ErClkFreq
 .text.CLOCK_GetEr32kClkFreq
                0x00000544       0x40 ./drivers/fsl_clock.o
                0x00000544                CLOCK_GetEr32kClkFreq
 .text.CLOCK_GetFllFreq
                0x00000584       0x3c ./drivers/fsl_clock.o
                0x00000584                CLOCK_GetFllFreq
 .text.CLOCK_GetInternalRefClkFreq
                0x000005c0       0x18 ./drivers/fsl_clock.o
                0x000005c0                CLOCK_GetInternalRefClkFreq
 .text.CLOCK_GetPll0Freq
                0x000005d8       0x34 ./drivers/fsl_clock.o
                0x000005d8                CLOCK_GetPll0Freq
 .text.CLOCK_GetPllFllSelClkFreq
                0x0000060c       0x24 ./drivers/fsl_clock.o
                0x0000060c                CLOCK_GetPllFllSelClkFreq
 .text.CLOCK_GetOutClkFreq
                0x00000630       0x38 ./drivers/fsl_clock.o
                0x00000630                CLOCK_GetOutClkFreq
 .text.CLOCK_GetFreq
                0x00000668       0x84 ./drivers/fsl_clock.o
                0x00000668                CLOCK_GetFreq
 .text.I2C_TransferCommonIRQHandler
                0x000006ec       0x28 ./drivers/fsl_i2c.o
 .text.I2C_GetInstance
                0x00000714       0x20 ./drivers/fsl_i2c.o
                0x00000714                I2C_GetInstance
 .text.I2C_MasterSetBaudRate
                0x00000734       0x74 ./drivers/fsl_i2c.o
                0x00000734                I2C_MasterSetBaudRate
 .text.I2C_MasterInit
                0x000007a8       0x80 ./drivers/fsl_i2c.o
                0x000007a8                I2C_MasterInit
 .text.I2C0_DriverIRQHandler
                0x00000828       0x18 ./drivers/fsl_i2c.o
                0x00000828                I2C0_DriverIRQHandler
 .text.I2C1_DriverIRQHandler
                0x00000840       0x18 ./drivers/fsl_i2c.o
                0x00000840                I2C1_DriverIRQHandler
 .text.UART0_DriverIRQHandler
                0x00000858       0x1c ./drivers/fsl_lpsci.o
                0x00000858                UART0_DriverIRQHandler
 .text.UART1_DriverIRQHandler
                0x00000874       0x1c ./drivers/fsl_uart.o
                0x00000874                UART1_DriverIRQHandler
 .text.UART2_DriverIRQHandler
                0x00000890       0x1c ./drivers/fsl_uart.o
                0x00000890                UART2_DriverIRQHandler
 .text.i2c_Start
                0x000008ac       0x1c ./drivers/i2c.o
                0x000008ac                i2c_Start
 .text.i2c_WriteByte
                0x000008c8        0xc ./drivers/i2c.o
                0x000008c8                i2c_WriteByte
 .text.i2c_ReadByte
                0x000008d4       0x10 ./drivers/i2c.o
                0x000008d4                i2c_ReadByte
 .text.i2c_init
                0x000008e4       0x30 ./drivers/i2c_comm.o
                0x000008e4                i2c_init
 .text.SystemInit
                0x00000914       0x10 ./CMSIS/system_MKL25Z4.o
                0x00000914                SystemInit
 .text.SystemCoreClockUpdate
                0x00000924      0x124 ./CMSIS/system_MKL25Z4.o
                0x00000924                SystemCoreClockUpdate
 .text._initio  0x00000a48       0x7c c:/nxp/mcuxpressoide_11.8.1_1197/ide/plugins/com.nxp.mcuxpresso.tools.win32_11.8.1.202308071233/tools/bin/../lib/gcc/arm-none-eabi/12.2.1/../../../../arm-none-eabi/lib/thumb/v6-m/nofp\libcr_c.a(initio.o)
                0x00000a48                _initio
 .text.setvbuf  0x00000ac4       0x4c c:/nxp/mcuxpressoide_11.8.1_1197/ide/plugins/com.nxp.mcuxpresso.tools.win32_11.8.1.202308071233/tools/bin/../lib/gcc/arm-none-eabi/12.2.1/../../../../arm-none-eabi/lib/thumb/v6-m/nofp\libcr_c.a(setvbuf.o)
                0x00000ac4                setvbuf
 .text.strlen   0x00000b10       0x5c c:/nxp/mcuxpressoide_11.8.1_1197/ide/plugins/com.nxp.mcuxpresso.tools.win32_11.8.1.202308071233/tools/bin/../lib/gcc/arm-none-eabi/12.2.1/../../../../arm-none-eabi/lib/thumb/v6-m/nofp\libcr_c.a(strlen.o)
                0x00000b10                strlen
 .text._deferredlazyseek
                0x00000b6c       0x40 c:/nxp/mcuxpressoide_11.8.1_1197/ide/plugins/com.nxp.mcuxpresso.tools.win32_11.8.1.202308071233/tools/bin/../lib/gcc/arm-none-eabi/12.2.1/../../../../arm-none-eabi/lib/thumb/v6-m/nofp\libcr_c.a(_deferredlazyseek.o)
                0x00000b6c                _deferredlazyseek
 .text._fdopen  0x00000bac       0x74 c:/nxp/mcuxpressoide_11.8.1_1197/ide/plugins/com.nxp.mcuxpresso.tools.win32_11.8.1.202308071233/tools/bin/../lib/gcc/arm-none-eabi/12.2.1/../../../../arm-none-eabi/lib/thumb/v6-m/nofp\libcr_c.a(_fdopen.o)
                0x00000bac                _fdopen
 .text._fflush  0x00000c20       0x5c c:/nxp/mcuxpressoide_11.8.1_1197/ide/plugins/com.nxp.mcuxpresso.tools.win32_11.8.1.202308071233/tools/bin/../lib/gcc/arm-none-eabi/12.2.1/../../../../arm-none-eabi/lib/thumb/v6-m/nofp\libcr_c.a(_fflush.o)
                0x00000c20                _fflush
 .text._Cwritebuf
                0x00000c7c       0x68 c:/nxp/mcuxpressoide_11.8.1_1197/ide/plugins/com.nxp.mcuxpresso.tools.win32_11.8.1.202308071233/tools/bin/../lib/gcc/arm-none-eabi/12.2.1/../../../../arm-none-eabi/lib/thumb/v6-m/nofp\libcr_c.a(_writebuf.o)
                0x00000c7c                _Cwritebuf
 .text.fclose   0x00000ce4       0x5c c:/nxp/mcuxpressoide_11.8.1_1197/ide/plugins/com.nxp.mcuxpresso.tools.win32_11.8.1.202308071233/tools/bin/../lib/gcc/arm-none-eabi/12.2.1/../../../../arm-none-eabi/lib/thumb/v6-m/nofp\libcr_c.a(fclose.o)
                0x00000ce4                fclose
 .text.fflush   0x00000d40       0x40 c:/nxp/mcuxpressoide_11.8.1_1197/ide/plugins/com.nxp.mcuxpresso.tools.win32_11.8.1.202308071233/tools/bin/../lib/gcc/arm-none-eabi/12.2.1/../../../../arm-none-eabi/lib/thumb/v6-m/nofp\libcr_c.a(fflush.o)
                0x00000d40                fflush
 .text.fseek    0x00000d80       0xec c:/nxp/mcuxpressoide_11.8.1_1197/ide/plugins/com.nxp.mcuxpresso.tools.win32_11.8.1.202308071233/tools/bin/../lib/gcc/arm-none-eabi/12.2.1/../../../../arm-none-eabi/lib/thumb/v6-m/nofp\libcr_c.a(fseek.o)
                0x00000d80                fseek
 .text.ftell    0x00000e6c       0x4c c:/nxp/mcuxpressoide_11.8.1_1197/ide/plugins/com.nxp.mcuxpresso.tools.win32_11.8.1.202308071233/tools/bin/../lib/gcc/arm-none-eabi/12.2.1/../../../../arm-none-eabi/lib/thumb/v6-m/nofp\libcr_c.a(ftell.o)
                0x00000e6c                ftell
 .text._do_fflush
                0x00000eb8       0x48 c:/nxp/mcuxpressoide_11.8.1_1197/ide/plugins/com.nxp.mcuxpresso.tools.win32_11.8.1.202308071233/tools/bin/../lib/gcc/arm-none-eabi/12.2.1/../../../../arm-none-eabi/lib/thumb/v6-m/nofp\libcr_c.a(_do_fflush.o)
                0x00000eb8                _do_fflush
 .text.startup.main
                0x00000f00       0x14 ./source/MKL25Z4_Project01.o
                0x00000f00                main
 .text.WriteCommands
                0x00000f14       0x18 ./source/ssd1306.o
                0x00000f14                WriteCommands
 .text.CLOCK_GetFixedFreqClkFreq
                0x00000f2c       0x1c ./drivers/fsl_clock.o
                0x00000f2c                CLOCK_GetFixedFreqClkFreq
 .text.__main   0x00000f48        0xc c:/nxp/mcuxpressoide_11.8.1_1197/ide/plugins/com.nxp.mcuxpresso.tools.win32_11.8.1.202308071233/tools/bin/../lib/gcc/arm-none-eabi/12.2.1/../../../../arm-none-eabi/lib/thumb/v6-m/nofp\libcr_nohost_nf.a(_cr__main.o)
                0x00000f48                __main
 .text.memset   0x00000f54        0x8 c:/nxp/mcuxpressoide_11.8.1_1197/ide/plugins/com.nxp.mcuxpresso.tools.win32_11.8.1.202308071233/tools/bin/../lib/gcc/arm-none-eabi/12.2.1/../../../../arm-none-eabi/lib/thumb/v6-m/nofp\libcr_c.a(memset.o)
                0x00000f54                memset
 .text.free     0x00000f5c       0x2c c:/nxp/mcuxpressoide_11.8.1_1197/ide/plugins/com.nxp.mcuxpresso.tools.win32_11.8.1.202308071233/tools/bin/../lib/gcc/arm-none-eabi/12.2.1/../../../../arm-none-eabi/lib/thumb/v6-m/nofp\libcr_c.a(alloc.o)
                0x00000f5c                free
 .text.remove   0x00000f88       0x12 c:/nxp/mcuxpressoide_11.8.1_1197/ide/plugins/com.nxp.mcuxpresso.tools.win32_11.8.1.202308071233/tools/bin/../lib/gcc/arm-none-eabi/12.2.1/../../../../arm-none-eabi/lib/thumb/v6-m/nofp\libcr_c.a(remove.o)
                0x00000f88                remove
 .text.__aeabi_division_idivmod
                0x00000f9a       0x78 c:/nxp/mcuxpressoide_11.8.1_1197/ide/plugins/com.nxp.mcuxpresso.tools.win32_11.8.1.202308071233/tools/bin/../lib/gcc/arm-none-eabi/12.2.1/thumb/v6-m/nofp\libcr_eabihelpers.a(division_32.o)
                0x00000f9a                __aeabi_idivmod
                0x00000f9a                __aeabi_idiv
                0x00000fa0                __aeabi_uidivmod
                0x00000fa0                __aeabi_uidiv
 .text.__aeabi_division_idiv0
                0x00001012        0x2 c:/nxp/mcuxpressoide_11.8.1_1197/ide/plugins/com.nxp.mcuxpresso.tools.win32_11.8.1.202308071233/tools/bin/../lib/gcc/arm-none-eabi/12.2.1/thumb/v6-m/nofp\libcr_eabihelpers.a(division_idiv0.o)
                0x00001012                __aeabi_idiv0
 .text.__aeabi_memset_lowlevel
                0x00001014       0x2a c:/nxp/mcuxpressoide_11.8.1_1197/ide/plugins/com.nxp.mcuxpresso.tools.win32_11.8.1.202308071233/tools/bin/../lib/gcc/arm-none-eabi/12.2.1/thumb/v6-m/nofp\libcr_eabihelpers.a(memcpy.o)
                0x00001014                __aeabi_lowlevel_memset
 .text.__gnu_thumb1_case_uqi
                0x0000103e       0x10 c:/nxp/mcuxpressoide_11.8.1_1197/ide/plugins/com.nxp.mcuxpresso.tools.win32_11.8.1.202308071233/tools/bin/../lib/gcc/arm-none-eabi/12.2.1/thumb/v6-m/nofp\libcr_eabihelpers.a(thumb1_switch_helpers.o)
                0x0000103e                __gnu_thumb1_case_uqi
 .text.__sys_close
                0x0000104e        0x6 c:/nxp/mcuxpressoide_11.8.1_1197/ide/plugins/com.nxp.mcuxpresso.tools.win32_11.8.1.202308071233/tools/bin/../lib/gcc/arm-none-eabi/12.2.1/../../../../arm-none-eabi/lib/thumb/v6-m/nofp\libcr_nohost_nf.a(__sys_close.o)
                0x0000104e                __sys_close
 .text.__sys_flen
                0x00001054        0x6 c:/nxp/mcuxpressoide_11.8.1_1197/ide/plugins/com.nxp.mcuxpresso.tools.win32_11.8.1.202308071233/tools/bin/../lib/gcc/arm-none-eabi/12.2.1/../../../../arm-none-eabi/lib/thumb/v6-m/nofp\libcr_nohost_nf.a(__sys_flen.o)
                0x00001054                __sys_flen
 .text.__sys_istty
                0x0000105a        0x6 c:/nxp/mcuxpressoide_11.8.1_1197/ide/plugins/com.nxp.mcuxpresso.tools.win32_11.8.1.202308071233/tools/bin/../lib/gcc/arm-none-eabi/12.2.1/../../../../arm-none-eabi/lib/thumb/v6-m/nofp\libcr_nohost_nf.a(__sys_istty.o)
                0x0000105a                __sys_istty
 .text.__sys_remove
                0x00001060        0x6 c:/nxp/mcuxpressoide_11.8.1_1197/ide/plugins/com.nxp.mcuxpresso.tools.win32_11.8.1.202308071233/tools/bin/../lib/gcc/arm-none-eabi/12.2.1/../../../../arm-none-eabi/lib/thumb/v6-m/nofp\libcr_nohost_nf.a(__sys_remove.o)
                0x00001060                __sys_remove
 .text.__sys_seek
                0x00001066        0x6 c:/nxp/mcuxpressoide_11.8.1_1197/ide/plugins/com.nxp.mcuxpresso.tools.win32_11.8.1.202308071233/tools/bin/../lib/gcc/arm-none-eabi/12.2.1/../../../../arm-none-eabi/lib/thumb/v6-m/nofp\libcr_nohost_nf.a(__sys_seek.o)
                0x00001066                __sys_seek
 .text.__sys_tmpnam
                0x0000106c        0x6 c:/nxp/mcuxpressoide_11.8.1_1197/ide/plugins/com.nxp.mcuxpresso.tools.win32_11.8.1.202308071233/tools/bin/../lib/gcc/arm-none-eabi/12.2.1/../../../../arm-none-eabi/lib/thumb/v6-m/nofp\libcr_nohost_nf.a(__sys_tmpnam.o)
                0x0000106c                __sys_tmpnam
 .text.__sys_write
                0x00001072        0x4 c:/nxp/mcuxpressoide_11.8.1_1197/ide/plugins/com.nxp.mcuxpresso.tools.win32_11.8.1.202308071233/tools/bin/../lib/gcc/arm-none-eabi/12.2.1/../../../../arm-none-eabi/lib/thumb/v6-m/nofp\libcr_nohost_nf.a(__sys_write.o)
                0x00001072                __sys_write
 *(SORT_BY_ALIGNMENT(.rodata) SORT_BY_ALIGNMENT(.rodata.*) SORT_BY_ALIGNMENT(.constdata) SORT_BY_ALIGNMENT(.constdata.*))
 *fill*         0x00001076        0x2 ff
 .rodata.s_i2cClocks
                0x00001078        0x8 ./drivers/fsl_i2c.o
 .rodata.__num_Ciob_streams
                0x00001080        0x4 c:/nxp/mcuxpressoide_11.8.1_1197/ide/plugins/com.nxp.mcuxpresso.tools.win32_11.8.1.202308071233/tools/bin/../lib/gcc/arm-none-eabi/12.2.1/../../../../arm-none-eabi/lib/thumb/v6-m/nofp\libcr_nohost_nf.a(__ciob.o)
                0x00001080                __num_Ciob_streams
 .rodata.fllFactorTable.1
                0x00001084       0x10 ./drivers/fsl_clock.o
 .rodata.s_i2cDividerTable
                0x00001094       0x80 ./drivers/fsl_i2c.o
 .rodata._initio.str1.1
                0x00001114        0x4 c:/nxp/mcuxpressoide_11.8.1_1197/ide/plugins/com.nxp.mcuxpresso.tools.win32_11.8.1.202308071233/tools/bin/../lib/gcc/arm-none-eabi/12.2.1/../../../../arm-none-eabi/lib/thumb/v6-m/nofp\libcr_c.a(initio.o)
                0x00001118                . = ALIGN (0x4)

.glue_7         0x00001118        0x0
 .glue_7        0x00001118        0x0 linker stubs

.glue_7t        0x00001118        0x0
 .glue_7t       0x00001118        0x0 linker stubs

.vfp11_veneer   0x00001118        0x0
 .vfp11_veneer  0x00001118        0x0 linker stubs

.v4_bx          0x00001118        0x0
 .v4_bx         0x00001118        0x0 linker stubs

.iplt           0x00001118        0x0
 .iplt          0x00001118        0x0 ./startup/startup_mkl25z4.o

.rel.dyn        0x00001118        0x0
 .rel.iplt      0x00001118        0x0 ./startup/startup_mkl25z4.o

.ARM.extab
 *(SORT_BY_ALIGNMENT(.ARM.extab*) SORT_BY_ALIGNMENT(.gnu.linkonce.armextab.*))

.ARM.exidx      0x00001118        0x0
                0x00001118                __exidx_start = .
 *(SORT_BY_ALIGNMENT(.ARM.exidx*) SORT_BY_ALIGNMENT(.gnu.linkonce.armexidx.*))
                0x00001118                __exidx_end = .
                0x00001118                _etext = .

.m_usb_data
 *(SORT_BY_ALIGNMENT(m_usb_bdt))

.mtb_buffer_default
                0x1ffff000       0x80
 *(SORT_BY_ALIGNMENT(.mtb*))
 .mtb.$RAM1     0x1ffff000       0x80 ./source/mtb.o
                0x1ffff000                __mtb_buffer__

.uninit_RESERVED
                0x1ffff080        0x0
                0x1ffff080                _start_uninit_RESERVED = .
 *(SORT_BY_ALIGNMENT(.bss.$RESERVED*))
                0x1ffff080                . = ALIGN (0x4)
                0x1ffff080                _end_uninit_RESERVED = .

.data           0x1ffff080        0xc load address 0x00001118
 FILL mask 0xff
                0x1ffff080                _data = .
                [!provide]                PROVIDE (__start_data_RAM = .)
                [!provide]                PROVIDE (__start_data_SRAM = .)
 *(SORT_BY_ALIGNMENT(vtable))
 *(SORT_BY_ALIGNMENT(.ramfunc*))
 *(SORT_BY_ALIGNMENT(CodeQuickAccess))
 *(SORT_BY_ALIGNMENT(DataQuickAccess))
 *(SORT_BY_ALIGNMENT(RamFunction))
 *(SORT_BY_ALIGNMENT(.data*))
 .data.s_fastIrcFreq
                0x1ffff080        0x4 ./drivers/fsl_clock.o
 .data.s_slowIrcFreq
                0x1ffff084        0x4 ./drivers/fsl_clock.o
 .data.SystemCoreClock
                0x1ffff088        0x4 ./CMSIS/system_MKL25Z4.o
                0x1ffff088                SystemCoreClock
                0x1ffff08c                . = ALIGN (0x4)
                0x1ffff08c                _edata = .
                [!provide]                PROVIDE (__end_data_RAM = .)
                [!provide]                PROVIDE (__end_data_SRAM = .)

.igot.plt       0x1ffff08c        0x0 load address 0x00001124
 .igot.plt      0x1ffff08c        0x0 ./startup/startup_mkl25z4.o

.bss            0x1ffff08c       0xfc
                0x1ffff08c                _bss = .
                [!provide]                PROVIDE (__start_bss_RAM = .)
                [!provide]                PROVIDE (__start_bss_SRAM = .)
 *(SORT_BY_ALIGNMENT(.bss*))
 .bss.g_systickCounter
                0x1ffff08c        0x4 ./drivers/app.config.o
                0x1ffff08c                g_systickCounter
 .bss.g_xtal32Freq
                0x1ffff090        0x4 ./drivers/fsl_clock.o
                0x1ffff090                g_xtal32Freq
 .bss.g_xtal0Freq
                0x1ffff094        0x4 ./drivers/fsl_clock.o
                0x1ffff094                g_xtal0Freq
 .bss.s_i2cSlaveIsr
                0x1ffff098        0x4 ./drivers/fsl_i2c.o
 .bss.s_i2cMasterIsr
                0x1ffff09c        0x4 ./drivers/fsl_i2c.o
 .bss.s_i2cHandle
                0x1ffff0a0        0x8 ./drivers/fsl_i2c.o
 .bss.s_lpsciIsr
                0x1ffff0a8        0x4 ./drivers/fsl_lpsci.o
 .bss.s_lpsciHandle
                0x1ffff0ac        0x4 ./drivers/fsl_lpsci.o
 .bss.s_uartIsr
                0x1ffff0b0        0x4 ./drivers/fsl_uart.o
 .bss.s_uartHandle
                0x1ffff0b4        0xc ./drivers/fsl_uart.o
 .bss.i2c       0x1ffff0c0        0x4 ./drivers/i2c.o
                0x1ffff0c0                i2c
 .bss.masterConfig
                0x1ffff0c4        0xc ./drivers/i2c_comm.o
 .bss.errno     0x1ffff0d0        0x4 c:/nxp/mcuxpressoide_11.8.1_1197/ide/plugins/com.nxp.mcuxpresso.tools.win32_11.8.1.202308071233/tools/bin/../lib/gcc/arm-none-eabi/12.2.1/../../../../arm-none-eabi/lib/thumb/v6-m/nofp\libcr_c.a(errno.o)
                0x1ffff0d0                errno
 .bss.__Ciob    0x1ffff0d4       0xb4 c:/nxp/mcuxpressoide_11.8.1_1197/ide/plugins/com.nxp.mcuxpresso.tools.win32_11.8.1.202308071233/tools/bin/../lib/gcc/arm-none-eabi/12.2.1/../../../../arm-none-eabi/lib/thumb/v6-m/nofp\libcr_nohost_nf.a(__ciob.o)
                0x1ffff0d4                __Ciob
 *(SORT_BY_ALIGNMENT(COMMON))
                0x1ffff188                . = ALIGN (0x4)
                0x1ffff188                _ebss = .
                [!provide]                PROVIDE (__end_bss_RAM = .)
                [!provide]                PROVIDE (__end_bss_SRAM = .)
                [!provide]                PROVIDE (end = .)

.noinit         0x1ffff188        0x0
                0x1ffff188                _noinit = .
                [!provide]                PROVIDE (__start_noinit_RAM = .)
                [!provide]                PROVIDE (__start_noinit_SRAM = .)
 *(SORT_BY_ALIGNMENT(.noinit*))
                0x1ffff188                . = ALIGN (0x4)
                0x1ffff188                _end_noinit = .
                [!provide]                PROVIDE (__end_noinit_RAM = .)
                [!provide]                PROVIDE (__end_noinit_SRAM = .)
                0x00000400                _HeapSize = 0x400

.heap           0x1ffff188      0x400
                0x1ffff188                _pvHeapStart = .
                0x1ffff588                . = (. + _HeapSize)
 *fill*         0x1ffff188      0x400 
                0x1ffff588                . = ALIGN (0x4)
                0x1ffff588                _pvHeapLimit = .
                0x00000400                _StackSize = 0x400

.heap2stackfill
                0x1ffff588      0x400
                0x1ffff988                . = (. + _StackSize)
 *fill*         0x1ffff588      0x400 

.stack          0x20002c00        0x0
                0x20002c00                _vStackBase = .
                0x20002c00                . = ALIGN (0x4)
                0x20003000                _vStackTop = (. + _StackSize)
                0x00000000                _image_start = LOADADDR (.text)
                0x00001124                _image_end = (LOADADDR (.data) + SIZEOF (.data))
                0x00001124                _image_size = (_image_end - _image_start)
OUTPUT(MKL25Z4_Project01.axf elf32-littlearm)
LOAD linker stubs

.debug_info     0x00000000     0x9e3f
 .debug_info    0x00000000      0x654 ./startup/startup_mkl25z4.o
 .debug_info    0x00000654      0x71e ./source/MKL25Z4_Project01.o
 .debug_info    0x00000d72       0x50 ./source/mtb.o
 .debug_info    0x00000dc2       0x39 ./source/semihost_hardfault.o
 .debug_info    0x00000dfb      0x860 ./source/ssd1306.o
 .debug_info    0x0000165b      0x22f ./drivers/app.config.o
 .debug_info    0x0000188a     0x1f0d ./drivers/fsl_clock.o
 .debug_info    0x00003797     0x2449 ./drivers/fsl_i2c.o
 .debug_info    0x00005be0     0x1a6e ./drivers/fsl_lpsci.o
 .debug_info    0x0000764e     0x19e5 ./drivers/fsl_uart.o
 .debug_info    0x00009033      0x478 ./drivers/i2c.o
 .debug_info    0x000094ab      0x5aa ./drivers/i2c_comm.o
 .debug_info    0x00009a55      0x3ea ./CMSIS/system_MKL25Z4.o

.debug_abbrev   0x00000000     0x1ddf
 .debug_abbrev  0x00000000      0x180 ./startup/startup_mkl25z4.o
 .debug_abbrev  0x00000180      0x257 ./source/MKL25Z4_Project01.o
 .debug_abbrev  0x000003d7       0x43 ./source/mtb.o
 .debug_abbrev  0x0000041a       0x2d ./source/semihost_hardfault.o
 .debug_abbrev  0x00000447      0x21c ./source/ssd1306.o
 .debug_abbrev  0x00000663       0xb6 ./drivers/app.config.o
 .debug_abbrev  0x00000719      0x4df ./drivers/fsl_clock.o
 .debug_abbrev  0x00000bf8      0x502 ./drivers/fsl_i2c.o
 .debug_abbrev  0x000010fa      0x41d ./drivers/fsl_lpsci.o
 .debug_abbrev  0x00001517      0x42e ./drivers/fsl_uart.o
 .debug_abbrev  0x00001945      0x186 ./drivers/i2c.o
 .debug_abbrev  0x00001acb      0x1c9 ./drivers/i2c_comm.o
 .debug_abbrev  0x00001c94      0x14b ./CMSIS/system_MKL25Z4.o

.debug_loclists
                0x00000000     0x3d80
 .debug_loclists
                0x00000000      0x176 ./startup/startup_mkl25z4.o
 .debug_loclists
                0x00000176       0x49 ./source/MKL25Z4_Project01.o
 .debug_loclists
                0x000001bf       0xcd ./source/ssd1306.o
 .debug_loclists
                0x0000028c      0xc96 ./drivers/fsl_clock.o
 .debug_loclists
                0x00000f22     0x165a ./drivers/fsl_i2c.o
 .debug_loclists
                0x0000257c      0xbd4 ./drivers/fsl_lpsci.o
 .debug_loclists
                0x00003150      0xb1a ./drivers/fsl_uart.o
 .debug_loclists
                0x00003c6a       0x86 ./drivers/i2c_comm.o
 .debug_loclists
                0x00003cf0       0x90 ./CMSIS/system_MKL25Z4.o

.debug_aranges  0x00000000      0x778
 .debug_aranges
                0x00000000      0x160 ./startup/startup_mkl25z4.o
 .debug_aranges
                0x00000160       0x40 ./source/MKL25Z4_Project01.o
 .debug_aranges
                0x000001a0       0x18 ./source/mtb.o
 .debug_aranges
                0x000001b8       0x20 ./source/semihost_hardfault.o
 .debug_aranges
                0x000001d8       0x48 ./source/ssd1306.o
 .debug_aranges
                0x00000220       0x28 ./drivers/app.config.o
 .debug_aranges
                0x00000248      0x188 ./drivers/fsl_clock.o
 .debug_aranges
                0x000003d0      0x120 ./drivers/fsl_i2c.o
 .debug_aranges
                0x000004f0       0xe0 ./drivers/fsl_lpsci.o
 .debug_aranges
                0x000005d0       0xf8 ./drivers/fsl_uart.o
 .debug_aranges
                0x000006c8       0x60 ./drivers/i2c.o
 .debug_aranges
                0x00000728       0x28 ./drivers/i2c_comm.o
 .debug_aranges
                0x00000750       0x28 ./CMSIS/system_MKL25Z4.o

.debug_rnglists
                0x00000000      0x6f5
 .debug_rnglists
                0x00000000      0x103 ./startup/startup_mkl25z4.o
 .debug_rnglists
                0x00000103       0x44 ./source/MKL25Z4_Project01.o
 .debug_rnglists
                0x00000147       0x13 ./source/semihost_hardfault.o
 .debug_rnglists
                0x0000015a       0x3f ./source/ssd1306.o
 .debug_rnglists
                0x00000199       0x19 ./drivers/app.config.o
 .debug_rnglists
                0x000001b2      0x1a3 ./drivers/fsl_clock.o
 .debug_rnglists
                0x00000355      0x1b3 ./drivers/fsl_i2c.o
 .debug_rnglists
                0x00000508       0xb3 ./drivers/fsl_lpsci.o
 .debug_rnglists
                0x000005bb       0xc4 ./drivers/fsl_uart.o
 .debug_rnglists
                0x0000067f       0x43 ./drivers/i2c.o
 .debug_rnglists
                0x000006c2       0x19 ./drivers/i2c_comm.o
 .debug_rnglists
                0x000006db       0x1a ./CMSIS/system_MKL25Z4.o

.debug_line     0x00000000     0x6a93
 .debug_line    0x00000000      0x3bd ./startup/startup_mkl25z4.o
 .debug_line    0x000003bd      0x403 ./source/MKL25Z4_Project01.o
 .debug_line    0x000007c0       0x30 ./source/mtb.o
 .debug_line    0x000007f0       0x5a ./source/semihost_hardfault.o
 .debug_line    0x0000084a      0x35d ./source/ssd1306.o
 .debug_line    0x00000ba7      0x172 ./drivers/app.config.o
 .debug_line    0x00000d19     0x18bf ./drivers/fsl_clock.o
 .debug_line    0x000025d8     0x1cab ./drivers/fsl_i2c.o
 .debug_line    0x00004283     0x1056 ./drivers/fsl_lpsci.o
 .debug_line    0x000052d9      0xffa ./drivers/fsl_uart.o
 .debug_line    0x000062d3      0x2ca ./drivers/i2c.o
 .debug_line    0x0000659d      0x279 ./drivers/i2c_comm.o
 .debug_line    0x00006816      0x27d ./CMSIS/system_MKL25Z4.o

.debug_str      0x00000000     0x4036
 .debug_str     0x00000000      0x4ae ./startup/startup_mkl25z4.o
                                0x4c1 (size before relaxing)
 .debug_str     0x000004ae      0x704 ./source/MKL25Z4_Project01.o
                                0x863 (size before relaxing)
 .debug_str     0x00000bb2       0x1f ./source/mtb.o
                                0x142 (size before relaxing)
 .debug_str     0x00000bd1       0x1f ./source/semihost_hardfault.o
                                0x142 (size before relaxing)
 .debug_str     0x00000bf0      0x1f2 ./source/ssd1306.o
                                0x860 (size before relaxing)
 .debug_str     0x00000de2       0x29 ./drivers/app.config.o
                                0x665 (size before relaxing)
 .debug_str     0x00000e0b     0x105d ./drivers/fsl_clock.o
                               0x17ab (size before relaxing)
 .debug_str     0x00001e68      0xe04 ./drivers/fsl_i2c.o
                               0x172f (size before relaxing)
 .debug_str     0x00002c6c      0xa2e ./drivers/fsl_lpsci.o
                               0x1561 (size before relaxing)
 .debug_str     0x0000369a      0x8e6 ./drivers/fsl_uart.o
                               0x156d (size before relaxing)
 .debug_str     0x00003f80       0x63 ./drivers/i2c.o
                                0x34a (size before relaxing)
 .debug_str     0x00003fe3       0x25 ./drivers/i2c_comm.o
                                0x97d (size before relaxing)
 .debug_str     0x00004008       0x2e ./CMSIS/system_MKL25Z4.o
                                0x2fc (size before relaxing)

.comment        0x00000000       0x45
 .comment       0x00000000       0x45 ./startup/startup_mkl25z4.o
                                 0x46 (size before relaxing)
 .comment       0x00000045       0x46 ./source/MKL25Z4_Project01.o
 .comment       0x00000045       0x46 ./source/mtb.o
 .comment       0x00000045       0x46 ./source/semihost_hardfault.o
 .comment       0x00000045       0x46 ./source/ssd1306.o
 .comment       0x00000045       0x46 ./drivers/app.config.o
 .comment       0x00000045       0x46 ./drivers/fsl_clock.o
 .comment       0x00000045       0x46 ./drivers/fsl_i2c.o
 .comment       0x00000045       0x46 ./drivers/fsl_lpsci.o
 .comment       0x00000045       0x46 ./drivers/fsl_uart.o
 .comment       0x00000045       0x46 ./drivers/i2c.o
 .comment       0x00000045       0x46 ./drivers/i2c_comm.o
 .comment       0x00000045       0x46 ./CMSIS/system_MKL25Z4.o
 .comment       0x00000045       0x46 c:/nxp/mcuxpressoide_11.8.1_1197/ide/plugins/com.nxp.mcuxpresso.tools.win32_11.8.1.202308071233/tools/bin/../lib/gcc/arm-none-eabi/12.2.1/../../../../arm-none-eabi/lib/thumb/v6-m/nofp\libcr_nohost_nf.a(_cr__main.o)
 .comment       0x00000045       0x46 c:/nxp/mcuxpressoide_11.8.1_1197/ide/plugins/com.nxp.mcuxpresso.tools.win32_11.8.1.202308071233/tools/bin/../lib/gcc/arm-none-eabi/12.2.1/../../../../arm-none-eabi/lib/thumb/v6-m/nofp\libcr_c.a(memset.o)
 .comment       0x00000045       0x46 c:/nxp/mcuxpressoide_11.8.1_1197/ide/plugins/com.nxp.mcuxpresso.tools.win32_11.8.1.202308071233/tools/bin/../lib/gcc/arm-none-eabi/12.2.1/../../../../arm-none-eabi/lib/thumb/v6-m/nofp\libcr_c.a(initio.o)
 .comment       0x00000045       0x46 c:/nxp/mcuxpressoide_11.8.1_1197/ide/plugins/com.nxp.mcuxpresso.tools.win32_11.8.1.202308071233/tools/bin/../lib/gcc/arm-none-eabi/12.2.1/../../../../arm-none-eabi/lib/thumb/v6-m/nofp\libcr_c.a(setvbuf.o)
 .comment       0x00000045       0x46 c:/nxp/mcuxpressoide_11.8.1_1197/ide/plugins/com.nxp.mcuxpresso.tools.win32_11.8.1.202308071233/tools/bin/../lib/gcc/arm-none-eabi/12.2.1/../../../../arm-none-eabi/lib/thumb/v6-m/nofp\libcr_c.a(strlen.o)
 .comment       0x00000045       0x46 c:/nxp/mcuxpressoide_11.8.1_1197/ide/plugins/com.nxp.mcuxpresso.tools.win32_11.8.1.202308071233/tools/bin/../lib/gcc/arm-none-eabi/12.2.1/../../../../arm-none-eabi/lib/thumb/v6-m/nofp\libcr_c.a(_deferredlazyseek.o)
 .comment       0x00000045       0x46 c:/nxp/mcuxpressoide_11.8.1_1197/ide/plugins/com.nxp.mcuxpresso.tools.win32_11.8.1.202308071233/tools/bin/../lib/gcc/arm-none-eabi/12.2.1/../../../../arm-none-eabi/lib/thumb/v6-m/nofp\libcr_c.a(_fdopen.o)
 .comment       0x00000045       0x46 c:/nxp/mcuxpressoide_11.8.1_1197/ide/plugins/com.nxp.mcuxpresso.tools.win32_11.8.1.202308071233/tools/bin/../lib/gcc/arm-none-eabi/12.2.1/../../../../arm-none-eabi/lib/thumb/v6-m/nofp\libcr_c.a(_fflush.o)
 .comment       0x00000045       0x46 c:/nxp/mcuxpressoide_11.8.1_1197/ide/plugins/com.nxp.mcuxpresso.tools.win32_11.8.1.202308071233/tools/bin/../lib/gcc/arm-none-eabi/12.2.1/../../../../arm-none-eabi/lib/thumb/v6-m/nofp\libcr_c.a(_writebuf.o)
 .comment       0x00000045       0x46 c:/nxp/mcuxpressoide_11.8.1_1197/ide/plugins/com.nxp.mcuxpresso.tools.win32_11.8.1.202308071233/tools/bin/../lib/gcc/arm-none-eabi/12.2.1/../../../../arm-none-eabi/lib/thumb/v6-m/nofp\libcr_c.a(alloc.o)
 .comment       0x00000045       0x46 c:/nxp/mcuxpressoide_11.8.1_1197/ide/plugins/com.nxp.mcuxpresso.tools.win32_11.8.1.202308071233/tools/bin/../lib/gcc/arm-none-eabi/12.2.1/../../../../arm-none-eabi/lib/thumb/v6-m/nofp\libcr_c.a(errno.o)
 .comment       0x00000045       0x46 c:/nxp/mcuxpressoide_11.8.1_1197/ide/plugins/com.nxp.mcuxpresso.tools.win32_11.8.1.202308071233/tools/bin/../lib/gcc/arm-none-eabi/12.2.1/../../../../arm-none-eabi/lib/thumb/v6-m/nofp\libcr_c.a(fclose.o)
 .comment       0x00000045       0x46 c:/nxp/mcuxpressoide_11.8.1_1197/ide/plugins/com.nxp.mcuxpresso.tools.win32_11.8.1.202308071233/tools/bin/../lib/gcc/arm-none-eabi/12.2.1/../../../../arm-none-eabi/lib/thumb/v6-m/nofp\libcr_c.a(fflush.o)
 .comment       0x00000045       0x46 c:/nxp/mcuxpressoide_11.8.1_1197/ide/plugins/com.nxp.mcuxpresso.tools.win32_11.8.1.202308071233/tools/bin/../lib/gcc/arm-none-eabi/12.2.1/../../../../arm-none-eabi/lib/thumb/v6-m/nofp\libcr_c.a(fseek.o)
 .comment       0x00000045       0x46 c:/nxp/mcuxpressoide_11.8.1_1197/ide/plugins/com.nxp.mcuxpresso.tools.win32_11.8.1.202308071233/tools/bin/../lib/gcc/arm-none-eabi/12.2.1/../../../../arm-none-eabi/lib/thumb/v6-m/nofp\libcr_c.a(ftell.o)
 .comment       0x00000045       0x46 c:/nxp/mcuxpressoide_11.8.1_1197/ide/plugins/com.nxp.mcuxpresso.tools.win32_11.8.1.202308071233/tools/bin/../lib/gcc/arm-none-eabi/12.2.1/../../../../arm-none-eabi/lib/thumb/v6-m/nofp\libcr_c.a(remove.o)
 .comment       0x00000045       0x46 c:/nxp/mcuxpressoide_11.8.1_1197/ide/plugins/com.nxp.mcuxpresso.tools.win32_11.8.1.202308071233/tools/bin/../lib/gcc/arm-none-eabi/12.2.1/../../../../arm-none-eabi/lib/thumb/v6-m/nofp\libcr_c.a(_do_fflush.o)
 .comment       0x00000045       0x46 c:/nxp/mcuxpressoide_11.8.1_1197/ide/plugins/com.nxp.mcuxpresso.tools.win32_11.8.1.202308071233/tools/bin/../lib/gcc/arm-none-eabi/12.2.1/../../../../arm-none-eabi/lib/thumb/v6-m/nofp\libcr_nohost_nf.a(__ciob.o)
 .comment       0x00000045       0x46 c:/nxp/mcuxpressoide_11.8.1_1197/ide/plugins/com.nxp.mcuxpresso.tools.win32_11.8.1.202308071233/tools/bin/../lib/gcc/arm-none-eabi/12.2.1/../../../../arm-none-eabi/lib/thumb/v6-m/nofp\libcr_nohost_nf.a(__sys_close.o)
 .comment       0x00000045       0x46 c:/nxp/mcuxpressoide_11.8.1_1197/ide/plugins/com.nxp.mcuxpresso.tools.win32_11.8.1.202308071233/tools/bin/../lib/gcc/arm-none-eabi/12.2.1/../../../../arm-none-eabi/lib/thumb/v6-m/nofp\libcr_nohost_nf.a(__sys_flen.o)
 .comment       0x00000045       0x46 c:/nxp/mcuxpressoide_11.8.1_1197/ide/plugins/com.nxp.mcuxpresso.tools.win32_11.8.1.202308071233/tools/bin/../lib/gcc/arm-none-eabi/12.2.1/../../../../arm-none-eabi/lib/thumb/v6-m/nofp\libcr_nohost_nf.a(__sys_istty.o)
 .comment       0x00000045       0x46 c:/nxp/mcuxpressoide_11.8.1_1197/ide/plugins/com.nxp.mcuxpresso.tools.win32_11.8.1.202308071233/tools/bin/../lib/gcc/arm-none-eabi/12.2.1/../../../../arm-none-eabi/lib/thumb/v6-m/nofp\libcr_nohost_nf.a(__sys_remove.o)
 .comment       0x00000045       0x46 c:/nxp/mcuxpressoide_11.8.1_1197/ide/plugins/com.nxp.mcuxpresso.tools.win32_11.8.1.202308071233/tools/bin/../lib/gcc/arm-none-eabi/12.2.1/../../../../arm-none-eabi/lib/thumb/v6-m/nofp\libcr_nohost_nf.a(__sys_seek.o)
 .comment       0x00000045       0x46 c:/nxp/mcuxpressoide_11.8.1_1197/ide/plugins/com.nxp.mcuxpresso.tools.win32_11.8.1.202308071233/tools/bin/../lib/gcc/arm-none-eabi/12.2.1/../../../../arm-none-eabi/lib/thumb/v6-m/nofp\libcr_nohost_nf.a(__sys_tmpnam.o)
 .comment       0x00000045       0x46 c:/nxp/mcuxpressoide_11.8.1_1197/ide/plugins/com.nxp.mcuxpresso.tools.win32_11.8.1.202308071233/tools/bin/../lib/gcc/arm-none-eabi/12.2.1/../../../../arm-none-eabi/lib/thumb/v6-m/nofp\libcr_nohost_nf.a(__sys_write.o)

.ARM.attributes
                0x00000000       0x2a
 .ARM.attributes
                0x00000000       0x2c ./startup/startup_mkl25z4.o
 .ARM.attributes
                0x0000002c       0x2c ./source/MKL25Z4_Project01.o
 .ARM.attributes
                0x00000058       0x2c ./source/mtb.o
 .ARM.attributes
                0x00000084       0x2c ./source/semihost_hardfault.o
 .ARM.attributes
                0x000000b0       0x2c ./source/ssd1306.o
 .ARM.attributes
                0x000000dc       0x2c ./drivers/app.config.o
 .ARM.attributes
                0x00000108       0x2c ./drivers/fsl_clock.o
 .ARM.attributes
                0x00000134       0x2c ./drivers/fsl_i2c.o
 .ARM.attributes
                0x00000160       0x2c ./drivers/fsl_lpsci.o
 .ARM.attributes
                0x0000018c       0x2c ./drivers/fsl_uart.o
 .ARM.attributes
                0x000001b8       0x2c ./drivers/i2c.o
 .ARM.attributes
                0x000001e4       0x2c ./drivers/i2c_comm.o
 .ARM.attributes
                0x00000210       0x2c ./CMSIS/system_MKL25Z4.o
 .ARM.attributes
                0x0000023c       0x2c c:/nxp/mcuxpressoide_11.8.1_1197/ide/plugins/com.nxp.mcuxpresso.tools.win32_11.8.1.202308071233/tools/bin/../lib/gcc/arm-none-eabi/12.2.1/../../../../arm-none-eabi/lib/thumb/v6-m/nofp\libcr_nohost_nf.a(_cr__main.o)
 .ARM.attributes
                0x00000268       0x2c c:/nxp/mcuxpressoide_11.8.1_1197/ide/plugins/com.nxp.mcuxpresso.tools.win32_11.8.1.202308071233/tools/bin/../lib/gcc/arm-none-eabi/12.2.1/../../../../arm-none-eabi/lib/thumb/v6-m/nofp\libcr_c.a(memset.o)
 .ARM.attributes
                0x00000294       0x2c c:/nxp/mcuxpressoide_11.8.1_1197/ide/plugins/com.nxp.mcuxpresso.tools.win32_11.8.1.202308071233/tools/bin/../lib/gcc/arm-none-eabi/12.2.1/../../../../arm-none-eabi/lib/thumb/v6-m/nofp\libcr_c.a(initio.o)
 .ARM.attributes
                0x000002c0       0x2c c:/nxp/mcuxpressoide_11.8.1_1197/ide/plugins/com.nxp.mcuxpresso.tools.win32_11.8.1.202308071233/tools/bin/../lib/gcc/arm-none-eabi/12.2.1/../../../../arm-none-eabi/lib/thumb/v6-m/nofp\libcr_c.a(setvbuf.o)
 .ARM.attributes
                0x000002ec       0x2c c:/nxp/mcuxpressoide_11.8.1_1197/ide/plugins/com.nxp.mcuxpresso.tools.win32_11.8.1.202308071233/tools/bin/../lib/gcc/arm-none-eabi/12.2.1/../../../../arm-none-eabi/lib/thumb/v6-m/nofp\libcr_c.a(strlen.o)
 .ARM.attributes
                0x00000318       0x2c c:/nxp/mcuxpressoide_11.8.1_1197/ide/plugins/com.nxp.mcuxpresso.tools.win32_11.8.1.202308071233/tools/bin/../lib/gcc/arm-none-eabi/12.2.1/../../../../arm-none-eabi/lib/thumb/v6-m/nofp\libcr_c.a(_deferredlazyseek.o)
 .ARM.attributes
                0x00000344       0x2c c:/nxp/mcuxpressoide_11.8.1_1197/ide/plugins/com.nxp.mcuxpresso.tools.win32_11.8.1.202308071233/tools/bin/../lib/gcc/arm-none-eabi/12.2.1/../../../../arm-none-eabi/lib/thumb/v6-m/nofp\libcr_c.a(_fdopen.o)
 .ARM.attributes
                0x00000370       0x2c c:/nxp/mcuxpressoide_11.8.1_1197/ide/plugins/com.nxp.mcuxpresso.tools.win32_11.8.1.202308071233/tools/bin/../lib/gcc/arm-none-eabi/12.2.1/../../../../arm-none-eabi/lib/thumb/v6-m/nofp\libcr_c.a(_fflush.o)
 .ARM.attributes
                0x0000039c       0x2c c:/nxp/mcuxpressoide_11.8.1_1197/ide/plugins/com.nxp.mcuxpresso.tools.win32_11.8.1.202308071233/tools/bin/../lib/gcc/arm-none-eabi/12.2.1/../../../../arm-none-eabi/lib/thumb/v6-m/nofp\libcr_c.a(_writebuf.o)
 .ARM.attributes
                0x000003c8       0x2c c:/nxp/mcuxpressoide_11.8.1_1197/ide/plugins/com.nxp.mcuxpresso.tools.win32_11.8.1.202308071233/tools/bin/../lib/gcc/arm-none-eabi/12.2.1/../../../../arm-none-eabi/lib/thumb/v6-m/nofp\libcr_c.a(alloc.o)
 .ARM.attributes
                0x000003f4       0x2c c:/nxp/mcuxpressoide_11.8.1_1197/ide/plugins/com.nxp.mcuxpresso.tools.win32_11.8.1.202308071233/tools/bin/../lib/gcc/arm-none-eabi/12.2.1/../../../../arm-none-eabi/lib/thumb/v6-m/nofp\libcr_c.a(errno.o)
 .ARM.attributes
                0x00000420       0x2c c:/nxp/mcuxpressoide_11.8.1_1197/ide/plugins/com.nxp.mcuxpresso.tools.win32_11.8.1.202308071233/tools/bin/../lib/gcc/arm-none-eabi/12.2.1/../../../../arm-none-eabi/lib/thumb/v6-m/nofp\libcr_c.a(fclose.o)
 .ARM.attributes
                0x0000044c       0x2c c:/nxp/mcuxpressoide_11.8.1_1197/ide/plugins/com.nxp.mcuxpresso.tools.win32_11.8.1.202308071233/tools/bin/../lib/gcc/arm-none-eabi/12.2.1/../../../../arm-none-eabi/lib/thumb/v6-m/nofp\libcr_c.a(fflush.o)
 .ARM.attributes
                0x00000478       0x2c c:/nxp/mcuxpressoide_11.8.1_1197/ide/plugins/com.nxp.mcuxpresso.tools.win32_11.8.1.202308071233/tools/bin/../lib/gcc/arm-none-eabi/12.2.1/../../../../arm-none-eabi/lib/thumb/v6-m/nofp\libcr_c.a(fseek.o)
 .ARM.attributes
                0x000004a4       0x2c c:/nxp/mcuxpressoide_11.8.1_1197/ide/plugins/com.nxp.mcuxpresso.tools.win32_11.8.1.202308071233/tools/bin/../lib/gcc/arm-none-eabi/12.2.1/../../../../arm-none-eabi/lib/thumb/v6-m/nofp\libcr_c.a(ftell.o)
 .ARM.attributes
                0x000004d0       0x2c c:/nxp/mcuxpressoide_11.8.1_1197/ide/plugins/com.nxp.mcuxpresso.tools.win32_11.8.1.202308071233/tools/bin/../lib/gcc/arm-none-eabi/12.2.1/../../../../arm-none-eabi/lib/thumb/v6-m/nofp\libcr_c.a(remove.o)
 .ARM.attributes
                0x000004fc       0x2c c:/nxp/mcuxpressoide_11.8.1_1197/ide/plugins/com.nxp.mcuxpresso.tools.win32_11.8.1.202308071233/tools/bin/../lib/gcc/arm-none-eabi/12.2.1/../../../../arm-none-eabi/lib/thumb/v6-m/nofp\libcr_c.a(_do_fflush.o)
 .ARM.attributes
                0x00000528       0x1c c:/nxp/mcuxpressoide_11.8.1_1197/ide/plugins/com.nxp.mcuxpresso.tools.win32_11.8.1.202308071233/tools/bin/../lib/gcc/arm-none-eabi/12.2.1/thumb/v6-m/nofp\libcr_eabihelpers.a(division_32.o)
 .ARM.attributes
                0x00000544       0x1c c:/nxp/mcuxpressoide_11.8.1_1197/ide/plugins/com.nxp.mcuxpresso.tools.win32_11.8.1.202308071233/tools/bin/../lib/gcc/arm-none-eabi/12.2.1/thumb/v6-m/nofp\libcr_eabihelpers.a(division_idiv0.o)
 .ARM.attributes
                0x00000560       0x1c c:/nxp/mcuxpressoide_11.8.1_1197/ide/plugins/com.nxp.mcuxpresso.tools.win32_11.8.1.202308071233/tools/bin/../lib/gcc/arm-none-eabi/12.2.1/thumb/v6-m/nofp\libcr_eabihelpers.a(memcpy.o)
 .ARM.attributes
                0x0000057c       0x1c c:/nxp/mcuxpressoide_11.8.1_1197/ide/plugins/com.nxp.mcuxpresso.tools.win32_11.8.1.202308071233/tools/bin/../lib/gcc/arm-none-eabi/12.2.1/thumb/v6-m/nofp\libcr_eabihelpers.a(thumb1_switch_helpers.o)
 .ARM.attributes
                0x00000598       0x2c c:/nxp/mcuxpressoide_11.8.1_1197/ide/plugins/com.nxp.mcuxpresso.tools.win32_11.8.1.202308071233/tools/bin/../lib/gcc/arm-none-eabi/12.2.1/../../../../arm-none-eabi/lib/thumb/v6-m/nofp\libcr_nohost_nf.a(__ciob.o)
 .ARM.attributes
                0x000005c4       0x2c c:/nxp/mcuxpressoide_11.8.1_1197/ide/plugins/com.nxp.mcuxpresso.tools.win32_11.8.1.202308071233/tools/bin/../lib/gcc/arm-none-eabi/12.2.1/../../../../arm-none-eabi/lib/thumb/v6-m/nofp\libcr_nohost_nf.a(__sys_close.o)
 .ARM.attributes
                0x000005f0       0x2c c:/nxp/mcuxpressoide_11.8.1_1197/ide/plugins/com.nxp.mcuxpresso.tools.win32_11.8.1.202308071233/tools/bin/../lib/gcc/arm-none-eabi/12.2.1/../../../../arm-none-eabi/lib/thumb/v6-m/nofp\libcr_nohost_nf.a(__sys_flen.o)
 .ARM.attributes
                0x0000061c       0x2c c:/nxp/mcuxpressoide_11.8.1_1197/ide/plugins/com.nxp.mcuxpresso.tools.win32_11.8.1.202308071233/tools/bin/../lib/gcc/arm-none-eabi/12.2.1/../../../../arm-none-eabi/lib/thumb/v6-m/nofp\libcr_nohost_nf.a(__sys_istty.o)
 .ARM.attributes
                0x00000648       0x2c c:/nxp/mcuxpressoide_11.8.1_1197/ide/plugins/com.nxp.mcuxpresso.tools.win32_11.8.1.202308071233/tools/bin/../lib/gcc/arm-none-eabi/12.2.1/../../../../arm-none-eabi/lib/thumb/v6-m/nofp\libcr_nohost_nf.a(__sys_remove.o)
 .ARM.attributes
                0x00000674       0x2c c:/nxp/mcuxpressoide_11.8.1_1197/ide/plugins/com.nxp.mcuxpresso.tools.win32_11.8.1.202308071233/tools/bin/../lib/gcc/arm-none-eabi/12.2.1/../../../../arm-none-eabi/lib/thumb/v6-m/nofp\libcr_nohost_nf.a(__sys_seek.o)
 .ARM.attributes
                0x000006a0       0x2c c:/nxp/mcuxpressoide_11.8.1_1197/ide/plugins/com.nxp.mcuxpresso.tools.win32_11.8.1.202308071233/tools/bin/../lib/gcc/arm-none-eabi/12.2.1/../../../../arm-none-eabi/lib/thumb/v6-m/nofp\libcr_nohost_nf.a(__sys_tmpnam.o)
 .ARM.attributes
                0x000006cc       0x2c c:/nxp/mcuxpressoide_11.8.1_1197/ide/plugins/com.nxp.mcuxpresso.tools.win32_11.8.1.202308071233/tools/bin/../lib/gcc/arm-none-eabi/12.2.1/../../../../arm-none-eabi/lib/thumb/v6-m/nofp\libcr_nohost_nf.a(__sys_write.o)

.debug_frame    0x00000000     0x12ec
 .debug_frame   0x00000000      0x3bc ./startup/startup_mkl25z4.o
 .debug_frame   0x000003bc       0x90 ./source/MKL25Z4_Project01.o
 .debug_frame   0x0000044c       0x20 ./source/semihost_hardfault.o
 .debug_frame   0x0000046c       0x8c ./source/ssd1306.o
 .debug_frame   0x000004f8       0x30 ./drivers/app.config.o
 .debug_frame   0x00000528      0x450 ./drivers/fsl_clock.o
 .debug_frame   0x00000978      0x36c ./drivers/fsl_i2c.o
 .debug_frame   0x00000ce4      0x240 ./drivers/fsl_lpsci.o
 .debug_frame   0x00000f24      0x29c ./drivers/fsl_uart.o
 .debug_frame   0x000011c0       0xa8 ./drivers/i2c.o
 .debug_frame   0x00001268       0x48 ./drivers/i2c_comm.o
 .debug_frame   0x000012b0       0x3c ./CMSIS/system_MKL25Z4.o

Cross Reference Table

Symbol                                            File
ADC0_DriverIRQHandler                             ./startup/startup_mkl25z4.o
ADC0_IRQHandler                                   ./startup/startup_mkl25z4.o
ADC16_ClearStatusFlags                            ./drivers/fsl_adc16.o
ADC16_Deinit                                      ./drivers/fsl_adc16.o
ADC16_DoAutoCalibration                           ./drivers/fsl_adc16.o
                                                  ./source/GP2Y10.o
ADC16_GetChannelStatusFlags                       ./drivers/fsl_adc16.o
                                                  ./source/GP2Y10.o
ADC16_GetDefaultConfig                            ./drivers/fsl_adc16.o
                                                  ./source/GP2Y10.o
ADC16_GetStatusFlags                              ./drivers/fsl_adc16.o
ADC16_Init                                        ./drivers/fsl_adc16.o
                                                  ./source/GP2Y10.o
ADC16_SetChannelConfig                            ./drivers/fsl_adc16.o
                                                  ./source/GP2Y10.o
ADC16_SetChannelMuxMode                           ./drivers/fsl_adc16.o
ADC16_SetHardwareAverage                          ./drivers/fsl_adc16.o
ADC16_SetHardwareCompareConfig                    ./drivers/fsl_adc16.o
ADC_Init                                          ./source/GP2Y10.o
ADC_Read                                          ./source/GP2Y10.o
BOARD_BootClockRUN                                ./board/clock_config.o
BOARD_BootClockVLPR                               ./board/clock_config.o
BOARD_InitBootClocks                              ./board/clock_config.o
BOARD_InitBootPeripherals                         ./board/peripherals.o
BOARD_InitBootPins                                ./board/pin_mux.o
BOARD_InitDebugConsole                            ./board/board.o
BOARD_InitPins                                    ./board/pin_mux.o
CLOCK_BootToBlpeMode                              ./drivers/fsl_clock.o
CLOCK_BootToBlpiMode                              ./drivers/fsl_clock.o
                                                  ./board/clock_config.o
CLOCK_BootToFeeMode                               ./drivers/fsl_clock.o
CLOCK_BootToFeiMode                               ./drivers/fsl_clock.o
CLOCK_BootToPeeMode                               ./drivers/fsl_clock.o
                                                  ./board/clock_config.o
CLOCK_CalcPllDiv                                  ./drivers/fsl_clock.o
CLOCK_ClearStatusFlags                            ./drivers/fsl_clock.o
CLOCK_DeinitOsc0                                  ./drivers/fsl_clock.o
CLOCK_EnablePll0                                  ./drivers/fsl_clock.o
CLOCK_EnableUsbfs0Clock                           ./drivers/fsl_clock.o
CLOCK_ExternalModeToFbeModeQuick                  ./drivers/fsl_clock.o
CLOCK_FllStableDelay                              ./drivers/fsl_clock.o
CLOCK_GetBusClkFreq                               ./drivers/fsl_clock.o
CLOCK_GetCoreSysClkFreq                           ./drivers/fsl_clock.o
CLOCK_GetEr32kClkFreq                             ./drivers/fsl_clock.o
CLOCK_GetFixedFreqClkFreq                         ./drivers/fsl_clock.o
CLOCK_GetFlashClkFreq                             ./drivers/fsl_clock.o
CLOCK_GetFllFreq                                  ./drivers/fsl_clock.o
CLOCK_GetFreq                                     ./drivers/fsl_clock.o
                                                  ./drivers/i2c_comm.o
CLOCK_GetInternalRefClkFreq                       ./drivers/fsl_clock.o
CLOCK_GetMode                                     ./drivers/fsl_clock.o
CLOCK_GetOsc0ErClkFreq                            ./drivers/fsl_clock.o
CLOCK_GetOutClkFreq                               ./drivers/fsl_clock.o
CLOCK_GetPlatClkFreq                              ./drivers/fsl_clock.o
CLOCK_GetPll0Freq                                 ./drivers/fsl_clock.o
CLOCK_GetPllFllSelClkFreq                         ./drivers/fsl_clock.o
                                                  ./board/board.o
CLOCK_GetStatusFlags                              ./drivers/fsl_clock.o
CLOCK_InitOsc0                                    ./drivers/fsl_clock.o
                                                  ./board/clock_config.o
CLOCK_InternalModeToFbiModeQuick                  ./drivers/fsl_clock.o
CLOCK_SetBlpeMode                                 ./drivers/fsl_clock.o
CLOCK_SetBlpiMode                                 ./drivers/fsl_clock.o
CLOCK_SetExternalRefClkConfig                     ./drivers/fsl_clock.o
CLOCK_SetFbeMode                                  ./drivers/fsl_clock.o
CLOCK_SetFbiMode                                  ./drivers/fsl_clock.o
CLOCK_SetFeeMode                                  ./drivers/fsl_clock.o
CLOCK_SetFeiMode                                  ./drivers/fsl_clock.o
CLOCK_SetInternalRefClkConfig                     ./drivers/fsl_clock.o
                                                  ./board/clock_config.o
CLOCK_SetMcgConfig                                ./drivers/fsl_clock.o
CLOCK_SetOsc0MonitorMode                          ./drivers/fsl_clock.o
CLOCK_SetPbeMode                                  ./drivers/fsl_clock.o
CLOCK_SetPeeMode                                  ./drivers/fsl_clock.o
CLOCK_SetPll0MonitorMode                          ./drivers/fsl_clock.o
CLOCK_SetSimConfig                                ./drivers/fsl_clock.o
                                                  ./board/clock_config.o
CLOCK_TrimInternalRefClk                          ./drivers/fsl_clock.o
CMD_control_byte                                  ./source/ssd1306.o
CMP0_DriverIRQHandler                             ./startup/startup_mkl25z4.o
CMP0_IRQHandler                                   ./startup/startup_mkl25z4.o
ConvertToVoltage                                  ./source/GP2Y10.o
DAC0_DriverIRQHandler                             ./startup/startup_mkl25z4.o
DAC0_IRQHandler                                   ./startup/startup_mkl25z4.o
DMA0_DriverIRQHandler                             ./startup/startup_mkl25z4.o
DMA0_IRQHandler                                   ./startup/startup_mkl25z4.o
DMA1_DriverIRQHandler                             ./startup/startup_mkl25z4.o
DMA1_IRQHandler                                   ./startup/startup_mkl25z4.o
DMA2_DriverIRQHandler                             ./startup/startup_mkl25z4.o
DMA2_IRQHandler                                   ./startup/startup_mkl25z4.o
DMA3_DriverIRQHandler                             ./startup/startup_mkl25z4.o
DMA3_IRQHandler                                   ./startup/startup_mkl25z4.o
DbgConsole_Deinit                                 ./utilities/fsl_debug_console.o
DbgConsole_Getchar                                ./utilities/fsl_debug_console.o
DbgConsole_Init                                   ./utilities/fsl_debug_console.o
                                                  ./board/board.o
DbgConsole_Printf                                 ./utilities/fsl_debug_console.o
DbgConsole_Putchar                                ./utilities/fsl_debug_console.o
DbgConsole_Scanf                                  ./utilities/fsl_debug_console.o
FLASH_Erase                                       ./drivers/fsl_flash.o
FLASH_EraseAll                                    ./drivers/fsl_flash.o
FLASH_EraseAllExecuteOnlySegments                 ./drivers/fsl_flash.o
FLASH_GetProperty                                 ./drivers/fsl_flash.o
FLASH_GetSecurityState                            ./drivers/fsl_flash.o
FLASH_Init                                        ./drivers/fsl_flash.o
FLASH_IsExecuteOnly                               ./drivers/fsl_flash.o
FLASH_IsProtected                                 ./drivers/fsl_flash.o
FLASH_PflashGetPrefetchSpeculation                ./drivers/fsl_flash.o
FLASH_PflashGetProtection                         ./drivers/fsl_flash.o
FLASH_PflashSetPrefetchSpeculation                ./drivers/fsl_flash.o
                                                  ./drivers/fsl_smc.o
FLASH_PflashSetProtection                         ./drivers/fsl_flash.o
FLASH_PrepareExecuteInRamFunctions                ./drivers/fsl_flash.o
FLASH_Program                                     ./drivers/fsl_flash.o
FLASH_ProgramOnce                                 ./drivers/fsl_flash.o
FLASH_ReadOnce                                    ./drivers/fsl_flash.o
FLASH_ReadResource                                ./drivers/fsl_flash.o
FLASH_SecurityBypass                              ./drivers/fsl_flash.o
FLASH_SetCallback                                 ./drivers/fsl_flash.o
FLASH_SetProperty                                 ./drivers/fsl_flash.o
FLASH_VerifyErase                                 ./drivers/fsl_flash.o
FLASH_VerifyEraseAll                              ./drivers/fsl_flash.o
FLASH_VerifyEraseAllExecuteOnlySegments           ./drivers/fsl_flash.o
FLASH_VerifyProgram                               ./drivers/fsl_flash.o
FTFA_DriverIRQHandler                             ./startup/startup_mkl25z4.o
FTFA_IRQHandler                                   ./startup/startup_mkl25z4.o
Flash_Config                                      ./startup/startup_mkl25z4.o
GPIO_ClearPinsInterruptFlags                      ./drivers/fsl_gpio.o
GPIO_GetPinsInterruptFlags                        ./drivers/fsl_gpio.o
GPIO_PinInit                                      ./drivers/fsl_gpio.o
GetDustConcentration                              ./source/GP2Y10.o
HardFault_Handler                                 ./source/semihost_hardfault.o
                                                  ./startup/startup_mkl25z4.o
I2C0_DriverIRQHandler                             ./drivers/fsl_i2c.o
                                                  ./startup/startup_mkl25z4.o
I2C0_IRQHandler                                   ./startup/startup_mkl25z4.o
I2C1_DriverIRQHandler                             ./drivers/fsl_i2c.o
                                                  ./startup/startup_mkl25z4.o
I2C1_IRQHandler                                   ./startup/startup_mkl25z4.o
I2C_DisableInterrupts                             ./drivers/fsl_i2c.o
I2C_EnableInterrupts                              ./drivers/fsl_i2c.o
I2C_GetInstance                                   ./drivers/fsl_i2c.o
I2C_MasterDeinit                                  ./drivers/fsl_i2c.o
I2C_MasterGetDefaultConfig                        ./drivers/fsl_i2c.o
I2C_MasterGetStatusFlags                          ./drivers/fsl_i2c.o
I2C_MasterInit                                    ./drivers/fsl_i2c.o
                                                  ./drivers/i2c_comm.o
I2C_MasterReadBlocking                            ./drivers/fsl_i2c.o
I2C_MasterRepeatedStart                           ./drivers/fsl_i2c.o
I2C_MasterSetBaudRate                             ./drivers/fsl_i2c.o
I2C_MasterStart                                   ./drivers/fsl_i2c.o
I2C_MasterStop                                    ./drivers/fsl_i2c.o
I2C_MasterTransferAbort                           ./drivers/fsl_i2c.o
I2C_MasterTransferBlocking                        ./drivers/fsl_i2c.o
                                                  ./drivers/i2c_comm.o
I2C_MasterTransferCreateHandle                    ./drivers/fsl_i2c.o
I2C_MasterTransferGetCount                        ./drivers/fsl_i2c.o
I2C_MasterTransferHandleIRQ                       ./drivers/fsl_i2c.o
I2C_MasterTransferNonBlocking                     ./drivers/fsl_i2c.o
I2C_MasterWriteBlocking                           ./drivers/fsl_i2c.o
I2C_SlaveDeinit                                   ./drivers/fsl_i2c.o
I2C_SlaveGetDefaultConfig                         ./drivers/fsl_i2c.o
I2C_SlaveInit                                     ./drivers/fsl_i2c.o
I2C_SlaveReadBlocking                             ./drivers/fsl_i2c.o
I2C_SlaveTransferAbort                            ./drivers/fsl_i2c.o
I2C_SlaveTransferCreateHandle                     ./drivers/fsl_i2c.o
I2C_SlaveTransferGetCount                         ./drivers/fsl_i2c.o
I2C_SlaveTransferHandleIRQ                        ./drivers/fsl_i2c.o
I2C_SlaveTransferNonBlocking                      ./drivers/fsl_i2c.o
I2C_SlaveWriteBlocking                            ./drivers/fsl_i2c.o
I2C_Watchdog                                      ./drivers/fsl_i2c.o
InstallIRQHandler                                 ./drivers/fsl_common.o
IntDefaultHandler                                 ./startup/startup_mkl25z4.o
LLWU_DriverIRQHandler                             ./startup/startup_mkl25z4.o
LLWU_IRQHandler                                   ./startup/startup_mkl25z4.o
LPSCI_ClearStatusFlags                            ./drivers/fsl_lpsci.o
LPSCI_Deinit                                      ./drivers/fsl_lpsci.o
                                                  ./utilities/fsl_debug_console.o
LPSCI_DisableInterrupts                           ./drivers/fsl_lpsci.o
LPSCI_EnableInterrupts                            ./drivers/fsl_lpsci.o
LPSCI_GetDefaultConfig                            ./drivers/fsl_lpsci.o
                                                  ./utilities/fsl_debug_console.o
LPSCI_GetEnabledInterrupts                        ./drivers/fsl_lpsci.o
LPSCI_GetInstance                                 ./drivers/fsl_lpsci.o
LPSCI_GetStatusFlags                              ./drivers/fsl_lpsci.o
LPSCI_Init                                        ./drivers/fsl_lpsci.o
                                                  ./utilities/fsl_debug_console.o
LPSCI_ReadBlocking                                ./drivers/fsl_lpsci.o
                                                  ./utilities/fsl_debug_console.o
LPSCI_SetBaudRate                                 ./drivers/fsl_lpsci.o
LPSCI_TransferAbortReceive                        ./drivers/fsl_lpsci.o
LPSCI_TransferAbortSend                           ./drivers/fsl_lpsci.o
LPSCI_TransferCreateHandle                        ./drivers/fsl_lpsci.o
LPSCI_TransferGetReceiveCount                     ./drivers/fsl_lpsci.o
LPSCI_TransferGetSendCount                        ./drivers/fsl_lpsci.o
LPSCI_TransferHandleErrorIRQ                      ./drivers/fsl_lpsci.o
LPSCI_TransferHandleIRQ                           ./drivers/fsl_lpsci.o
LPSCI_TransferReceiveNonBlocking                  ./drivers/fsl_lpsci.o
LPSCI_TransferSendNonBlocking                     ./drivers/fsl_lpsci.o
LPSCI_TransferStartRingBuffer                     ./drivers/fsl_lpsci.o
LPSCI_TransferStopRingBuffer                      ./drivers/fsl_lpsci.o
LPSCI_WriteBlocking                               ./drivers/fsl_lpsci.o
                                                  ./utilities/fsl_debug_console.o
LPTMR0_DriverIRQHandler                           ./startup/startup_mkl25z4.o
LPTMR0_IRQHandler                                 ./startup/startup_mkl25z4.o
LVD_LVW_DriverIRQHandler                          ./startup/startup_mkl25z4.o
LVD_LVW_IRQHandler                                ./startup/startup_mkl25z4.o
MCG_DriverIRQHandler                              ./startup/startup_mkl25z4.o
MCG_IRQHandler                                    ./startup/startup_mkl25z4.o
Motor_Init                                        ./source/HL298.o
Motor_Speed                                       ./source/HL298.o
NMI_Handler                                       ./startup/startup_mkl25z4.o
PIT_DriverIRQHandler                              ./startup/startup_mkl25z4.o
PIT_IRQHandler                                    ./startup/startup_mkl25z4.o
PORTA_DriverIRQHandler                            ./startup/startup_mkl25z4.o
PORTA_IRQHandler                                  ./startup/startup_mkl25z4.o
PORTD_DriverIRQHandler                            ./startup/startup_mkl25z4.o
PORTD_IRQHandler                                  ./startup/startup_mkl25z4.o
PendSV_Handler                                    ./startup/startup_mkl25z4.o
RTC_DriverIRQHandler                              ./startup/startup_mkl25z4.o
RTC_IRQHandler                                    ./startup/startup_mkl25z4.o
RTC_Seconds_DriverIRQHandler                      ./startup/startup_mkl25z4.o
RTC_Seconds_IRQHandler                            ./startup/startup_mkl25z4.o
Reserved20_DriverIRQHandler                       ./startup/startup_mkl25z4.o
Reserved20_IRQHandler                             ./startup/startup_mkl25z4.o
Reserved39_DriverIRQHandler                       ./startup/startup_mkl25z4.o
Reserved39_IRQHandler                             ./startup/startup_mkl25z4.o
Reserved45_DriverIRQHandler                       ./startup/startup_mkl25z4.o
Reserved45_IRQHandler                             ./startup/startup_mkl25z4.o
ResetISR                                          ./startup/startup_mkl25z4.o
SMC_PostExitStopModes                             ./drivers/fsl_smc.o
SMC_PreEnterStopModes                             ./drivers/fsl_smc.o
SMC_SetPowerModeLls                               ./drivers/fsl_smc.o
SMC_SetPowerModeRun                               ./drivers/fsl_smc.o
SMC_SetPowerModeStop                              ./drivers/fsl_smc.o
SMC_SetPowerModeVlls                              ./drivers/fsl_smc.o
SMC_SetPowerModeVlpr                              ./drivers/fsl_smc.o
                                                  ./board/clock_config.o
SMC_SetPowerModeVlps                              ./drivers/fsl_smc.o
SMC_SetPowerModeVlpw                              ./drivers/fsl_smc.o
SMC_SetPowerModeWait                              ./drivers/fsl_smc.o
SPI0_DriverIRQHandler                             ./startup/startup_mkl25z4.o
SPI0_IRQHandler                                   ./startup/startup_mkl25z4.o
SPI1_DriverIRQHandler                             ./startup/startup_mkl25z4.o
SPI1_IRQHandler                                   ./startup/startup_mkl25z4.o
SVC_Handler                                       ./startup/startup_mkl25z4.o
Stadistics                                        ./source/MKL25Z4_Project01.o
SysTick_DelayTicks                                ./drivers/app.config.o
                                                  ./source/ssd1306.o
SysTick_Handler                                   ./drivers/app.config.o
                                                  ./startup/startup_mkl25z4.o
SystemCoreClock                                   ./CMSIS/system_MKL25Z4.o
                                                  ./board/clock_config.o
                                                  ./drivers/i2c.o
                                                  ./source/MKL25Z4_Project01.o
SystemCoreClockUpdate                             ./CMSIS/system_MKL25Z4.o
                                                  ./source/MKL25Z4_Project01.o
SystemInit                                        ./CMSIS/system_MKL25Z4.o
                                                  ./startup/startup_mkl25z4.o
TPM0_DriverIRQHandler                             ./startup/startup_mkl25z4.o
TPM0_IRQHandler                                   ./startup/startup_mkl25z4.o
TPM1_DriverIRQHandler                             ./startup/startup_mkl25z4.o
TPM1_IRQHandler                                   ./startup/startup_mkl25z4.o
TPM2_DriverIRQHandler                             ./startup/startup_mkl25z4.o
TPM2_IRQHandler                                   ./startup/startup_mkl25z4.o
TPM_Deinit                                        ./drivers/fsl_tpm.o
TPM_DisableInterrupts                             ./drivers/fsl_tpm.o
TPM_EnableInterrupts                              ./drivers/fsl_tpm.o
TPM_GetDefaultConfig                              ./drivers/fsl_tpm.o
TPM_GetEnabledInterrupts                          ./drivers/fsl_tpm.o
TPM_Init                                          ./drivers/fsl_tpm.o
TPM_SetupInputCapture                             ./drivers/fsl_tpm.o
TPM_SetupOutputCompare                            ./drivers/fsl_tpm.o
TPM_SetupPwm                                      ./drivers/fsl_tpm.o
TPM_UpdateChnlEdgeLevelSelect                     ./drivers/fsl_tpm.o
TPM_UpdatePwmDutycycle                            ./drivers/fsl_tpm.o
TSI0_DriverIRQHandler                             ./startup/startup_mkl25z4.o
TSI0_IRQHandler                                   ./startup/startup_mkl25z4.o
UART0_DriverIRQHandler                            ./drivers/fsl_lpsci.o
                                                  ./startup/startup_mkl25z4.o
UART0_IRQHandler                                  ./startup/startup_mkl25z4.o
UART1_DriverIRQHandler                            ./drivers/fsl_uart.o
                                                  ./startup/startup_mkl25z4.o
UART1_IRQHandler                                  ./startup/startup_mkl25z4.o
UART1_RX_TX_DriverIRQHandler                      ./drivers/fsl_uart.o
UART2_DriverIRQHandler                            ./drivers/fsl_uart.o
                                                  ./startup/startup_mkl25z4.o
UART2_IRQHandler                                  ./startup/startup_mkl25z4.o
UART2_RX_TX_DriverIRQHandler                      ./drivers/fsl_uart.o
UART_ClearStatusFlags                             ./drivers/fsl_uart.o
UART_Deinit                                       ./drivers/fsl_uart.o
                                                  ./utilities/fsl_debug_console.o
UART_DisableInterrupts                            ./drivers/fsl_uart.o
UART_EnableInterrupts                             ./drivers/fsl_uart.o
UART_GetDefaultConfig                             ./drivers/fsl_uart.o
                                                  ./utilities/fsl_debug_console.o
UART_GetEnabledInterrupts                         ./drivers/fsl_uart.o
UART_GetInstance                                  ./drivers/fsl_uart.o
UART_GetStatusFlags                               ./drivers/fsl_uart.o
UART_Init                                         ./drivers/fsl_uart.o
                                                  ./utilities/fsl_debug_console.o
UART_ReadBlocking                                 ./drivers/fsl_uart.o
                                                  ./utilities/fsl_debug_console.o
UART_SetBaudRate                                  ./drivers/fsl_uart.o
UART_TransferAbortReceive                         ./drivers/fsl_uart.o
UART_TransferAbortSend                            ./drivers/fsl_uart.o
UART_TransferCreateHandle                         ./drivers/fsl_uart.o
UART_TransferGetReceiveCount                      ./drivers/fsl_uart.o
UART_TransferGetSendCount                         ./drivers/fsl_uart.o
UART_TransferHandleErrorIRQ                       ./drivers/fsl_uart.o
UART_TransferHandleIRQ                            ./drivers/fsl_uart.o
UART_TransferReceiveNonBlocking                   ./drivers/fsl_uart.o
UART_TransferSendNonBlocking                      ./drivers/fsl_uart.o
UART_TransferStartRingBuffer                      ./drivers/fsl_uart.o
UART_TransferStopRingBuffer                       ./drivers/fsl_uart.o
UART_WriteBlocking                                ./drivers/fsl_uart.o
                                                  ./utilities/fsl_debug_console.o
USB0_DriverIRQHandler                             ./startup/startup_mkl25z4.o
USB0_IRQHandler                                   ./startup/startup_mkl25z4.o
WriteCommands                                     ./source/ssd1306.o
                                                  ./source/MKL25Z4_Project01.o
_Csys_alloc                                       c:/nxp/mcuxpressoide_11.8.1_1197/ide/plugins/com.nxp.mcuxpresso.tools.win32_11.8.1.202308071233/tools/bin/../lib/gcc/arm-none-eabi/12.2.1/../../../../arm-none-eabi/lib/thumb/v6-m/nofp\libcr_c.a(alloc.o)
                                                  c:/nxp/mcuxpressoide_11.8.1_1197/ide/plugins/com.nxp.mcuxpresso.tools.win32_11.8.1.202308071233/tools/bin/../lib/gcc/arm-none-eabi/12.2.1/../../../../arm-none-eabi/lib/thumb/v6-m/nofp\libcr_c.a(_deferredlazyseek.o)
_Cwritebuf                                        c:/nxp/mcuxpressoide_11.8.1_1197/ide/plugins/com.nxp.mcuxpresso.tools.win32_11.8.1.202308071233/tools/bin/../lib/gcc/arm-none-eabi/12.2.1/../../../../arm-none-eabi/lib/thumb/v6-m/nofp\libcr_c.a(_writebuf.o)
                                                  c:/nxp/mcuxpressoide_11.8.1_1197/ide/plugins/com.nxp.mcuxpresso.tools.win32_11.8.1.202308071233/tools/bin/../lib/gcc/arm-none-eabi/12.2.1/../../../../arm-none-eabi/lib/thumb/v6-m/nofp\libcr_c.a(_fflush.o)
                                                  c:/nxp/mcuxpressoide_11.8.1_1197/ide/plugins/com.nxp.mcuxpresso.tools.win32_11.8.1.202308071233/tools/bin/../lib/gcc/arm-none-eabi/12.2.1/../../../../arm-none-eabi/lib/thumb/v6-m/nofp\libcr_c.a(_deferredlazyseek.o)
__Ciob                                            c:/nxp/mcuxpressoide_11.8.1_1197/ide/plugins/com.nxp.mcuxpresso.tools.win32_11.8.1.202308071233/tools/bin/../lib/gcc/arm-none-eabi/12.2.1/../../../../arm-none-eabi/lib/thumb/v6-m/nofp\libcr_nohost_nf.a(__ciob.o)
                                                  c:/nxp/mcuxpressoide_11.8.1_1197/ide/plugins/com.nxp.mcuxpresso.tools.win32_11.8.1.202308071233/tools/bin/../lib/gcc/arm-none-eabi/12.2.1/../../../../arm-none-eabi/lib/thumb/v6-m/nofp\libcr_c.a(fflush.o)
                                                  c:/nxp/mcuxpressoide_11.8.1_1197/ide/plugins/com.nxp.mcuxpresso.tools.win32_11.8.1.202308071233/tools/bin/../lib/gcc/arm-none-eabi/12.2.1/../../../../arm-none-eabi/lib/thumb/v6-m/nofp\libcr_c.a(printf.o)
                                                  c:/nxp/mcuxpressoide_11.8.1_1197/ide/plugins/com.nxp.mcuxpresso.tools.win32_11.8.1.202308071233/tools/bin/../lib/gcc/arm-none-eabi/12.2.1/../../../../arm-none-eabi/lib/thumb/v6-m/nofp\libcr_c.a(initio.o)
                                                  c:/nxp/mcuxpressoide_11.8.1_1197/ide/plugins/com.nxp.mcuxpresso.tools.win32_11.8.1.202308071233/tools/bin/../lib/gcc/arm-none-eabi/12.2.1/../../../../arm-none-eabi/lib/thumb/v6-m/nofp\libcr_c.a(fpprintf.o)
__RAM_VECTOR_TABLE_SIZE_BYTES                     ./drivers/fsl_common.o
__VECTOR_RAM                                      ./drivers/fsl_common.o
__VECTOR_TABLE                                    ./drivers/fsl_common.o
__Vectors                                         ./startup/startup_mkl25z4.o
__aeabi_cdcmpeq                                   c:/nxp/mcuxpressoide_11.8.1_1197/ide/plugins/com.nxp.mcuxpresso.tools.win32_11.8.1.202308071233/tools/bin/../lib/gcc/arm-none-eabi/12.2.1/thumb/v6-m/nofp\libcr_eabihelpers.a(double.o)
__aeabi_cdcmple                                   c:/nxp/mcuxpressoide_11.8.1_1197/ide/plugins/com.nxp.mcuxpresso.tools.win32_11.8.1.202308071233/tools/bin/../lib/gcc/arm-none-eabi/12.2.1/thumb/v6-m/nofp\libcr_eabihelpers.a(double.o)
__aeabi_cdrcmple                                  c:/nxp/mcuxpressoide_11.8.1_1197/ide/plugins/com.nxp.mcuxpresso.tools.win32_11.8.1.202308071233/tools/bin/../lib/gcc/arm-none-eabi/12.2.1/thumb/v6-m/nofp\libcr_eabihelpers.a(double.o)
__aeabi_cfcmpeq                                   c:/nxp/mcuxpressoide_11.8.1_1197/ide/plugins/com.nxp.mcuxpresso.tools.win32_11.8.1.202308071233/tools/bin/../lib/gcc/arm-none-eabi/12.2.1/thumb/v6-m/nofp\libcr_eabihelpers.a(float.o)
__aeabi_cfcmple                                   c:/nxp/mcuxpressoide_11.8.1_1197/ide/plugins/com.nxp.mcuxpresso.tools.win32_11.8.1.202308071233/tools/bin/../lib/gcc/arm-none-eabi/12.2.1/thumb/v6-m/nofp\libcr_eabihelpers.a(float.o)
__aeabi_cfrcmple                                  c:/nxp/mcuxpressoide_11.8.1_1197/ide/plugins/com.nxp.mcuxpresso.tools.win32_11.8.1.202308071233/tools/bin/../lib/gcc/arm-none-eabi/12.2.1/thumb/v6-m/nofp\libcr_eabihelpers.a(float.o)
__aeabi_d2f                                       c:/nxp/mcuxpressoide_11.8.1_1197/ide/plugins/com.nxp.mcuxpresso.tools.win32_11.8.1.202308071233/tools/bin/../lib/gcc/arm-none-eabi/12.2.1/thumb/v6-m/nofp\libcr_eabihelpers.a(double.o)
                                                  ./source/MKL25Z4_Project01.o
__aeabi_d2iz                                      c:/nxp/mcuxpressoide_11.8.1_1197/ide/plugins/com.nxp.mcuxpresso.tools.win32_11.8.1.202308071233/tools/bin/../lib/gcc/arm-none-eabi/12.2.1/thumb/v6-m/nofp\libcr_eabihelpers.a(double.o)
                                                  c:/nxp/mcuxpressoide_11.8.1_1197/ide/plugins/com.nxp.mcuxpresso.tools.win32_11.8.1.202308071233/tools/bin/../lib/gcc/arm-none-eabi/12.2.1/../../../../arm-none-eabi/lib/thumb/v6-m/nofp\libcr_c.a(fpprintf.o)
__aeabi_d2lz                                      c:/nxp/mcuxpressoide_11.8.1_1197/ide/plugins/com.nxp.mcuxpresso.tools.win32_11.8.1.202308071233/tools/bin/../lib/gcc/arm-none-eabi/12.2.1/thumb/v6-m/nofp\libcr_eabihelpers.a(double.o)
__aeabi_d2uiz                                     c:/nxp/mcuxpressoide_11.8.1_1197/ide/plugins/com.nxp.mcuxpresso.tools.win32_11.8.1.202308071233/tools/bin/../lib/gcc/arm-none-eabi/12.2.1/thumb/v6-m/nofp\libcr_eabihelpers.a(double.o)
__aeabi_d2ulz                                     c:/nxp/mcuxpressoide_11.8.1_1197/ide/plugins/com.nxp.mcuxpresso.tools.win32_11.8.1.202308071233/tools/bin/../lib/gcc/arm-none-eabi/12.2.1/thumb/v6-m/nofp\libcr_eabihelpers.a(double.o)
__aeabi_dadd                                      c:/nxp/mcuxpressoide_11.8.1_1197/ide/plugins/com.nxp.mcuxpresso.tools.win32_11.8.1.202308071233/tools/bin/../lib/gcc/arm-none-eabi/12.2.1/thumb/v6-m/nofp\libcr_eabihelpers.a(double.o)
                                                  c:/nxp/mcuxpressoide_11.8.1_1197/ide/plugins/com.nxp.mcuxpresso.tools.win32_11.8.1.202308071233/tools/bin/../lib/gcc/arm-none-eabi/12.2.1/../../../../arm-none-eabi/lib/thumb/v6-m/nofp\libcr_c.a(fpprintf.o)
__aeabi_dcmpeq                                    c:/nxp/mcuxpressoide_11.8.1_1197/ide/plugins/com.nxp.mcuxpresso.tools.win32_11.8.1.202308071233/tools/bin/../lib/gcc/arm-none-eabi/12.2.1/thumb/v6-m/nofp\libcr_eabihelpers.a(double.o)
                                                  c:/nxp/mcuxpressoide_11.8.1_1197/ide/plugins/com.nxp.mcuxpresso.tools.win32_11.8.1.202308071233/tools/bin/../lib/gcc/arm-none-eabi/12.2.1/../../../../arm-none-eabi/lib/thumb/v6-m/nofp\libcr_c.a(_ldexpl.o)
                                                  c:/nxp/mcuxpressoide_11.8.1_1197/ide/plugins/com.nxp.mcuxpresso.tools.win32_11.8.1.202308071233/tools/bin/../lib/gcc/arm-none-eabi/12.2.1/../../../../arm-none-eabi/lib/thumb/v6-m/nofp\libcr_c.a(_frexpl.o)
                                                  c:/nxp/mcuxpressoide_11.8.1_1197/ide/plugins/com.nxp.mcuxpresso.tools.win32_11.8.1.202308071233/tools/bin/../lib/gcc/arm-none-eabi/12.2.1/../../../../arm-none-eabi/lib/thumb/v6-m/nofp\libcr_c.a(fpprintf.o)
__aeabi_dcmpge                                    c:/nxp/mcuxpressoide_11.8.1_1197/ide/plugins/com.nxp.mcuxpresso.tools.win32_11.8.1.202308071233/tools/bin/../lib/gcc/arm-none-eabi/12.2.1/thumb/v6-m/nofp\libcr_eabihelpers.a(double.o)
                                                  c:/nxp/mcuxpressoide_11.8.1_1197/ide/plugins/com.nxp.mcuxpresso.tools.win32_11.8.1.202308071233/tools/bin/../lib/gcc/arm-none-eabi/12.2.1/../../../../arm-none-eabi/lib/thumb/v6-m/nofp\libcr_c.a(fpprintf.o)
__aeabi_dcmpgt                                    c:/nxp/mcuxpressoide_11.8.1_1197/ide/plugins/com.nxp.mcuxpresso.tools.win32_11.8.1.202308071233/tools/bin/../lib/gcc/arm-none-eabi/12.2.1/thumb/v6-m/nofp\libcr_eabihelpers.a(double.o)
__aeabi_dcmple                                    c:/nxp/mcuxpressoide_11.8.1_1197/ide/plugins/com.nxp.mcuxpresso.tools.win32_11.8.1.202308071233/tools/bin/../lib/gcc/arm-none-eabi/12.2.1/thumb/v6-m/nofp\libcr_eabihelpers.a(double.o)
                                                  c:/nxp/mcuxpressoide_11.8.1_1197/ide/plugins/com.nxp.mcuxpresso.tools.win32_11.8.1.202308071233/tools/bin/../lib/gcc/arm-none-eabi/12.2.1/../../../../arm-none-eabi/lib/thumb/v6-m/nofp\libcr_c.a(fpprintf.o)
__aeabi_dcmplt                                    c:/nxp/mcuxpressoide_11.8.1_1197/ide/plugins/com.nxp.mcuxpresso.tools.win32_11.8.1.202308071233/tools/bin/../lib/gcc/arm-none-eabi/12.2.1/thumb/v6-m/nofp\libcr_eabihelpers.a(double.o)
                                                  c:/nxp/mcuxpressoide_11.8.1_1197/ide/plugins/com.nxp.mcuxpresso.tools.win32_11.8.1.202308071233/tools/bin/../lib/gcc/arm-none-eabi/12.2.1/../../../../arm-none-eabi/lib/thumb/v6-m/nofp\libcr_c.a(fpprintf.o)
__aeabi_dcmpun                                    c:/nxp/mcuxpressoide_11.8.1_1197/ide/plugins/com.nxp.mcuxpresso.tools.win32_11.8.1.202308071233/tools/bin/../lib/gcc/arm-none-eabi/12.2.1/thumb/v6-m/nofp\libcr_eabihelpers.a(double.o)
__aeabi_ddiv                                      c:/nxp/mcuxpressoide_11.8.1_1197/ide/plugins/com.nxp.mcuxpresso.tools.win32_11.8.1.202308071233/tools/bin/../lib/gcc/arm-none-eabi/12.2.1/thumb/v6-m/nofp\libcr_eabihelpers.a(double.o)
                                                  c:/nxp/mcuxpressoide_11.8.1_1197/ide/plugins/com.nxp.mcuxpresso.tools.win32_11.8.1.202308071233/tools/bin/../lib/gcc/arm-none-eabi/12.2.1/../../../../arm-none-eabi/lib/thumb/v6-m/nofp\libcr_c.a(fpprintf.o)
__aeabi_dmul                                      c:/nxp/mcuxpressoide_11.8.1_1197/ide/plugins/com.nxp.mcuxpresso.tools.win32_11.8.1.202308071233/tools/bin/../lib/gcc/arm-none-eabi/12.2.1/thumb/v6-m/nofp\libcr_eabihelpers.a(double.o)
                                                  c:/nxp/mcuxpressoide_11.8.1_1197/ide/plugins/com.nxp.mcuxpresso.tools.win32_11.8.1.202308071233/tools/bin/../lib/gcc/arm-none-eabi/12.2.1/../../../../arm-none-eabi/lib/thumb/v6-m/nofp\libcr_c.a(fpprintf.o)
                                                  ./source/MKL25Z4_Project01.o
__aeabi_dneg                                      c:/nxp/mcuxpressoide_11.8.1_1197/ide/plugins/com.nxp.mcuxpresso.tools.win32_11.8.1.202308071233/tools/bin/../lib/gcc/arm-none-eabi/12.2.1/thumb/v6-m/nofp\libcr_eabihelpers.a(double.o)
__aeabi_drsub                                     c:/nxp/mcuxpressoide_11.8.1_1197/ide/plugins/com.nxp.mcuxpresso.tools.win32_11.8.1.202308071233/tools/bin/../lib/gcc/arm-none-eabi/12.2.1/thumb/v6-m/nofp\libcr_eabihelpers.a(double.o)
__aeabi_dsub                                      c:/nxp/mcuxpressoide_11.8.1_1197/ide/plugins/com.nxp.mcuxpresso.tools.win32_11.8.1.202308071233/tools/bin/../lib/gcc/arm-none-eabi/12.2.1/thumb/v6-m/nofp\libcr_eabihelpers.a(double.o)
                                                  c:/nxp/mcuxpressoide_11.8.1_1197/ide/plugins/com.nxp.mcuxpresso.tools.win32_11.8.1.202308071233/tools/bin/../lib/gcc/arm-none-eabi/12.2.1/../../../../arm-none-eabi/lib/thumb/v6-m/nofp\libcr_c.a(fpprintf.o)
__aeabi_f2d                                       c:/nxp/mcuxpressoide_11.8.1_1197/ide/plugins/com.nxp.mcuxpresso.tools.win32_11.8.1.202308071233/tools/bin/../lib/gcc/arm-none-eabi/12.2.1/thumb/v6-m/nofp\libcr_eabihelpers.a(float.o)
                                                  ./source/MKL25Z4_Project01.o
__aeabi_f2iz                                      c:/nxp/mcuxpressoide_11.8.1_1197/ide/plugins/com.nxp.mcuxpresso.tools.win32_11.8.1.202308071233/tools/bin/../lib/gcc/arm-none-eabi/12.2.1/thumb/v6-m/nofp\libcr_eabihelpers.a(float.o)
__aeabi_f2lz                                      c:/nxp/mcuxpressoide_11.8.1_1197/ide/plugins/com.nxp.mcuxpresso.tools.win32_11.8.1.202308071233/tools/bin/../lib/gcc/arm-none-eabi/12.2.1/thumb/v6-m/nofp\libcr_eabihelpers.a(float.o)
__aeabi_f2uiz                                     c:/nxp/mcuxpressoide_11.8.1_1197/ide/plugins/com.nxp.mcuxpresso.tools.win32_11.8.1.202308071233/tools/bin/../lib/gcc/arm-none-eabi/12.2.1/thumb/v6-m/nofp\libcr_eabihelpers.a(float.o)
__aeabi_f2ulz                                     c:/nxp/mcuxpressoide_11.8.1_1197/ide/plugins/com.nxp.mcuxpresso.tools.win32_11.8.1.202308071233/tools/bin/../lib/gcc/arm-none-eabi/12.2.1/thumb/v6-m/nofp\libcr_eabihelpers.a(float.o)
__aeabi_fadd                                      c:/nxp/mcuxpressoide_11.8.1_1197/ide/plugins/com.nxp.mcuxpresso.tools.win32_11.8.1.202308071233/tools/bin/../lib/gcc/arm-none-eabi/12.2.1/thumb/v6-m/nofp\libcr_eabihelpers.a(float.o)
__aeabi_fcmpeq                                    c:/nxp/mcuxpressoide_11.8.1_1197/ide/plugins/com.nxp.mcuxpresso.tools.win32_11.8.1.202308071233/tools/bin/../lib/gcc/arm-none-eabi/12.2.1/thumb/v6-m/nofp\libcr_eabihelpers.a(float.o)
__aeabi_fcmpge                                    c:/nxp/mcuxpressoide_11.8.1_1197/ide/plugins/com.nxp.mcuxpresso.tools.win32_11.8.1.202308071233/tools/bin/../lib/gcc/arm-none-eabi/12.2.1/thumb/v6-m/nofp\libcr_eabihelpers.a(float.o)
__aeabi_fcmpgt                                    c:/nxp/mcuxpressoide_11.8.1_1197/ide/plugins/com.nxp.mcuxpresso.tools.win32_11.8.1.202308071233/tools/bin/../lib/gcc/arm-none-eabi/12.2.1/thumb/v6-m/nofp\libcr_eabihelpers.a(float.o)
                                                  ./source/MKL25Z4_Project01.o
__aeabi_fcmple                                    c:/nxp/mcuxpressoide_11.8.1_1197/ide/plugins/com.nxp.mcuxpresso.tools.win32_11.8.1.202308071233/tools/bin/../lib/gcc/arm-none-eabi/12.2.1/thumb/v6-m/nofp\libcr_eabihelpers.a(float.o)
__aeabi_fcmplt                                    c:/nxp/mcuxpressoide_11.8.1_1197/ide/plugins/com.nxp.mcuxpresso.tools.win32_11.8.1.202308071233/tools/bin/../lib/gcc/arm-none-eabi/12.2.1/thumb/v6-m/nofp\libcr_eabihelpers.a(float.o)
__aeabi_fcmpun                                    c:/nxp/mcuxpressoide_11.8.1_1197/ide/plugins/com.nxp.mcuxpresso.tools.win32_11.8.1.202308071233/tools/bin/../lib/gcc/arm-none-eabi/12.2.1/thumb/v6-m/nofp\libcr_eabihelpers.a(float.o)
__aeabi_fdiv                                      c:/nxp/mcuxpressoide_11.8.1_1197/ide/plugins/com.nxp.mcuxpresso.tools.win32_11.8.1.202308071233/tools/bin/../lib/gcc/arm-none-eabi/12.2.1/thumb/v6-m/nofp\libcr_eabihelpers.a(float.o)
                                                  ./source/GP2Y10.o
__aeabi_fmul                                      c:/nxp/mcuxpressoide_11.8.1_1197/ide/plugins/com.nxp.mcuxpresso.tools.win32_11.8.1.202308071233/tools/bin/../lib/gcc/arm-none-eabi/12.2.1/thumb/v6-m/nofp\libcr_eabihelpers.a(float.o)
                                                  ./source/GP2Y10.o
__aeabi_fneg                                      c:/nxp/mcuxpressoide_11.8.1_1197/ide/plugins/com.nxp.mcuxpresso.tools.win32_11.8.1.202308071233/tools/bin/../lib/gcc/arm-none-eabi/12.2.1/thumb/v6-m/nofp\libcr_eabihelpers.a(float.o)
__aeabi_frsub                                     c:/nxp/mcuxpressoide_11.8.1_1197/ide/plugins/com.nxp.mcuxpresso.tools.win32_11.8.1.202308071233/tools/bin/../lib/gcc/arm-none-eabi/12.2.1/thumb/v6-m/nofp\libcr_eabihelpers.a(float.o)
__aeabi_fsub                                      c:/nxp/mcuxpressoide_11.8.1_1197/ide/plugins/com.nxp.mcuxpresso.tools.win32_11.8.1.202308071233/tools/bin/../lib/gcc/arm-none-eabi/12.2.1/thumb/v6-m/nofp\libcr_eabihelpers.a(float.o)
__aeabi_i2d                                       c:/nxp/mcuxpressoide_11.8.1_1197/ide/plugins/com.nxp.mcuxpresso.tools.win32_11.8.1.202308071233/tools/bin/../lib/gcc/arm-none-eabi/12.2.1/thumb/v6-m/nofp\libcr_eabihelpers.a(double.o)
                                                  c:/nxp/mcuxpressoide_11.8.1_1197/ide/plugins/com.nxp.mcuxpresso.tools.win32_11.8.1.202308071233/tools/bin/../lib/gcc/arm-none-eabi/12.2.1/../../../../arm-none-eabi/lib/thumb/v6-m/nofp\libcr_c.a(fpprintf.o)
__aeabi_i2f                                       c:/nxp/mcuxpressoide_11.8.1_1197/ide/plugins/com.nxp.mcuxpresso.tools.win32_11.8.1.202308071233/tools/bin/../lib/gcc/arm-none-eabi/12.2.1/thumb/v6-m/nofp\libcr_eabihelpers.a(float.o)
__aeabi_idiv                                      c:/nxp/mcuxpressoide_11.8.1_1197/ide/plugins/com.nxp.mcuxpresso.tools.win32_11.8.1.202308071233/tools/bin/../lib/gcc/arm-none-eabi/12.2.1/thumb/v6-m/nofp\libcr_eabihelpers.a(division_32.o)
                                                  c:/nxp/mcuxpressoide_11.8.1_1197/ide/plugins/com.nxp.mcuxpresso.tools.win32_11.8.1.202308071233/tools/bin/../lib/gcc/arm-none-eabi/12.2.1/../../../../arm-none-eabi/lib/thumb/v6-m/nofp\libcr_c.a(fpprintf.o)
                                                  ./CMSIS/system_MKL25Z4.o
                                                  ./drivers/fsl_tpm.o
                                                  ./drivers/fsl_clock.o
                                                  ./utilities/fsl_debug_console.o
__aeabi_idiv0                                     c:/nxp/mcuxpressoide_11.8.1_1197/ide/plugins/com.nxp.mcuxpresso.tools.win32_11.8.1.202308071233/tools/bin/../lib/gcc/arm-none-eabi/12.2.1/thumb/v6-m/nofp\libcr_eabihelpers.a(division_idiv0.o)
                                                  c:/nxp/mcuxpressoide_11.8.1_1197/ide/plugins/com.nxp.mcuxpresso.tools.win32_11.8.1.202308071233/tools/bin/../lib/gcc/arm-none-eabi/12.2.1/thumb/v6-m/nofp\libcr_eabihelpers.a(division_32.o)
__aeabi_idivmod                                   c:/nxp/mcuxpressoide_11.8.1_1197/ide/plugins/com.nxp.mcuxpresso.tools.win32_11.8.1.202308071233/tools/bin/../lib/gcc/arm-none-eabi/12.2.1/thumb/v6-m/nofp\libcr_eabihelpers.a(division_32.o)
                                                  ./utilities/fsl_debug_console.o
__aeabi_l2d                                       c:/nxp/mcuxpressoide_11.8.1_1197/ide/plugins/com.nxp.mcuxpresso.tools.win32_11.8.1.202308071233/tools/bin/../lib/gcc/arm-none-eabi/12.2.1/thumb/v6-m/nofp\libcr_eabihelpers.a(double.o)
__aeabi_l2f                                       c:/nxp/mcuxpressoide_11.8.1_1197/ide/plugins/com.nxp.mcuxpresso.tools.win32_11.8.1.202308071233/tools/bin/../lib/gcc/arm-none-eabi/12.2.1/thumb/v6-m/nofp\libcr_eabihelpers.a(float.o)
__aeabi_lasr                                      c:/nxp/mcuxpressoide_11.8.1_1197/ide/plugins/com.nxp.mcuxpresso.tools.win32_11.8.1.202308071233/tools/bin/../lib/gcc/arm-none-eabi/12.2.1/thumb/v6-m/nofp\libcr_eabihelpers.a(llong.o)
__aeabi_lcmp                                      c:/nxp/mcuxpressoide_11.8.1_1197/ide/plugins/com.nxp.mcuxpresso.tools.win32_11.8.1.202308071233/tools/bin/../lib/gcc/arm-none-eabi/12.2.1/thumb/v6-m/nofp\libcr_eabihelpers.a(llong.o)